[2026-09-01 07:19:18 : INFO] - Cache for URL: https://oconnoradv.com/2025/06/30/ironbutt-rally-25/ has been purged, triggered by action: save_post 
[2026-09-01 07:19:18 : INFO] - Cache for blog post has been purged due to updates to post with Title: "Iron Butt Rally &#8217;25" and URL: https://oconnoradv.com/2025/06/30/ironbutt-rally-25/, triggered by action: save_post 
[2026-09-01 07:19:18 : INFO] - Cache for previous post (with URL: https://oconnoradv.com/2024/04/24/grand-cayman-2024/) adjacent to post with id: 978 has been purged, triggered by action: save_post 
[2026-09-01 07:19:18 : INFO] - Cache for all archives page associated with post_type: post and Title: "Iron Butt Rally &#8217;25" have been purged, triggered by action: save_post 
[2026-09-01 07:19:18 : INFO] - Cache for author page URL: https://oconnoradv.com/author/glasseye/ associated with post_type: post and Title: "Iron Butt Rally &#8217;25" has been purged, triggered by action: save_post 
[2026-09-01 18:29:57 : INFO] - Full Cache Purge triggered by action: wpo_active_plugin_or_theme_updated 
[2026-09-03 23:49:37 : INFO] - Cache for URL: https://oconnoradv.com/2025/06/30/ironbutt-rally-25/ has been purged, triggered by action: save_post 
[2026-09-03 23:49:37 : INFO] - Cache for blog post has been purged due to updates to post with Title: "Iron Butt Rally &#8217;25" and URL: https://oconnoradv.com/2025/06/30/ironbutt-rally-25/, triggered by action: save_post 
[2026-09-03 23:49:37 : INFO] - Cache for previous post (with URL: https://oconnoradv.com/2024/04/24/grand-cayman-2024/) adjacent to post with id: 978 has been purged, triggered by action: save_post 
[2026-09-03 23:49:37 : INFO] - Cache for all archives page associated with post_type: post and Title: "Iron Butt Rally &#8217;25" have been purged, triggered by action: save_post 
[2026-09-03 23:49:37 : INFO] - Cache for author page URL: https://oconnoradv.com/author/glasseye/ associated with post_type: post and Title: "Iron Butt Rally &#8217;25" has been purged, triggered by action: save_post 
[2026-09-04 16:35:11 : INFO] - Pruning the Cache log file 
[2026-09-05 09:11:20 : INFO] - Cache for URL: https://www.oconnoradv.com/2008/06/23/first-bmw-mow-rally/ has been purged, triggered by action: save_post 
[2026-09-05 09:11:20 : INFO] - Cache for blog post has been purged due to updates to post with Title: "First BMW MOW Rally" and URL: https://www.oconnoradv.com/2008/06/23/first-bmw-mow-rally/, triggered by action: save_post 
[2026-09-05 09:11:20 : INFO] - Cache for next post (with URL: https://www.oconnoradv.com/2008/07/31/key/) adjacent to post with id: 524 has been purged, triggered by action: save_post 
[2026-09-05 09:11:20 : INFO] - Cache for all archives page associated with post_type: post and Title: "First BMW MOW Rally" have been purged, triggered by action: save_post 
[2026-09-05 09:11:20 : INFO] - Cache for author page URL: https://www.oconnoradv.com/author/glasseye/ associated with post_type: post and Title: "First BMW MOW Rally" has been purged, triggered by action: save_post 
[2026-09-05 09:11:20 : INFO] - Cache for URL: https://www.oconnoradv.com/2014/06/14/chief-joseph-rally/ has been purged, triggered by action: save_post 
[2026-09-05 09:11:20 : INFO] - Cache for blog post has been purged due to updates to post with Title: "Fungal in the Jungle" and URL: https://www.oconnoradv.com/2014/06/14/chief-joseph-rally/, triggered by action: save_post 
[2026-09-05 09:11:20 : INFO] - Cache for previous post (with URL: https://www.oconnoradv.com/2012/07/06/alaska-tour/) adjacent to post with id: 529 has been purged, triggered by action: save_post 
[2026-09-05 09:11:20 : INFO] - Cache for next post (with URL: https://www.oconnoradv.com/2015/04/20/18-state-tour/) adjacent to post with id: 529 has been purged, triggered by action: save_post 
[2026-09-05 09:11:20 : INFO] - Cache for all archives page associated with post_type: post and Title: "Fungal in the Jungle" have been purged, triggered by action: save_post 
[2026-09-05 09:11:20 : INFO] - Cache for author page URL: https://www.oconnoradv.com/author/glasseye/ associated with post_type: post and Title: "Fungal in the Jungle" has been purged, triggered by action: save_post 
[2026-09-06 17:10:52 : INFO] - Cache for URL: https://oconnoradv.com/2025/06/30/ironbutt-rally-25/ has been purged, triggered by action: save_post 
[2026-09-06 17:10:53 : INFO] - Cache for blog post has been purged due to updates to post with Title: "Iron Butt Rally &#8217;25" and URL: https://oconnoradv.com/2025/06/30/ironbutt-rally-25/, triggered by action: save_post 
[2026-09-06 17:10:53 : INFO] - Cache for previous post (with URL: https://oconnoradv.com/2024/04/24/grand-cayman-2024/) adjacent to post with id: 978 has been purged, triggered by action: save_post 
[2026-09-06 17:10:53 : INFO] - Cache for all archives page associated with post_type: post and Title: "Iron Butt Rally &#8217;25" have been purged, triggered by action: save_post 
[2026-09-06 17:10:53 : INFO] - Cache for author page URL: https://oconnoradv.com/author/glasseye/ associated with post_type: post and Title: "Iron Butt Rally &#8217;25" has been purged, triggered by action: save_post 
