[2026-08-03 02:46:23 : INFO] - Could not find file for image: ID=574, file=/var/www/wordpress/wp-content/uploads/2023/03/50cc.map_-1.jpg 
[2026-08-03 02:46:23 : INFO] - Could not find file for image: ID=573, file=/var/www/wordpress/wp-content/uploads/2023/03/IMG_1487-1.jpg 
[2026-08-03 02:46:23 : INFO] - Could not find file for image: ID=572, file=/var/www/wordpress/wp-content/uploads/2023/03/IMG_1486-1.jpg 
[2026-08-03 02:46:23 : INFO] - Could not find file for image: ID=571, file=/var/www/wordpress/wp-content/uploads/2023/03/IMG_1485-1.jpg 
[2026-08-03 02:46:23 : INFO] - Could not find file for image: ID=569, file=/var/www/wordpress/wp-content/uploads/2023/03/IMG_1484-1.jpg 
[2026-08-03 02:46:23 : INFO] - Could not find file for image: ID=568, file=/var/www/wordpress/wp-content/uploads/2023/03/IMG_1483-1.jpg 
[2026-08-03 02:46:23 : INFO] - Could not find file for image: ID=567, file=/var/www/wordpress/wp-content/uploads/2023/03/IMG_1482-1.jpg 
[2026-08-03 02:46:23 : INFO] - Could not find file for image: ID=566, file=/var/www/wordpress/wp-content/uploads/2023/03/IMG_1479-1.jpg 
[2026-08-03 02:46:23 : INFO] - Could not find file for image: ID=565, file=/var/www/wordpress/wp-content/uploads/2023/03/IMG_1478-1.jpg 
[2026-08-03 02:46:23 : INFO] - Could not find file for image: ID=564, file=/var/www/wordpress/wp-content/uploads/2023/03/IMG_1474-1.jpg 
[2026-08-03 02:46:23 : INFO] - Could not find file for image: ID=563, file=/var/www/wordpress/wp-content/uploads/2023/03/IMG_1471-1.jpg 
[2026-08-03 02:46:23 : INFO] - Could not find file for image: ID=561, file=/var/www/wordpress/wp-content/uploads/2023/03/IMG_1467-1.jpg 
[2026-08-03 02:46:23 : INFO] - Could not find file for image: ID=560, file=/var/www/wordpress/wp-content/uploads/2023/03/IMG_1460-1.jpg 
[2026-08-03 02:46:23 : INFO] - Could not find file for image: ID=559, file=/var/www/wordpress/wp-content/uploads/2023/03/IMG_1459-1.jpg 
[2026-08-03 02:46:23 : INFO] - Could not find file for image: ID=558, file=/var/www/wordpress/wp-content/uploads/2023/03/IMG_1454-1.jpg 
[2026-08-03 02:46:23 : INFO] - Could not find file for image: ID=557, file=/var/www/wordpress/wp-content/uploads/2023/03/IMG_1452-1.jpg 
[2026-08-03 02:46:23 : INFO] - Could not find file for image: ID=556, file=/var/www/wordpress/wp-content/uploads/2023/03/IMG_1449-1.jpg 
[2026-08-03 02:46:23 : INFO] - Could not find file for image: ID=555, file=/var/www/wordpress/wp-content/uploads/2023/03/IMG_1446-1.jpg 
[2026-08-03 02:46:23 : INFO] - Could not find file for image: ID=554, file=/var/www/wordpress/wp-content/uploads/2023/03/IMG_1441-1.jpg 
[2026-08-03 02:46:23 : INFO] - Could not find file for image: ID=553, file=/var/www/wordpress/wp-content/uploads/2023/03/IMG_1434-1.jpg 
[2026-08-03 02:46:23 : INFO] - Could not find file for image: ID=552, file=/var/www/wordpress/wp-content/uploads/2023/03/IMG_1429-1.jpg 
[2026-08-03 02:46:23 : INFO] - Could not find file for image: ID=551, file=/var/www/wordpress/wp-content/uploads/2023/03/IMG_1428-1.jpg 
[2026-08-03 02:46:23 : INFO] - Could not find file for image: ID=550, file=/var/www/wordpress/wp-content/uploads/2023/03/IMG_1418-1.jpg 
[2026-08-03 02:46:23 : INFO] - Could not find file for image: ID=549, file=/var/www/wordpress/wp-content/uploads/2023/03/IMG_1410-1.jpg 
[2026-08-03 02:46:23 : INFO] - Could not find file for image: ID=490, file=/var/www/wordpress/wp-content/uploads/2023/03/spotted_eagle_ray._4-1.jpg 
[2026-08-03 02:46:23 : INFO] - Could not find file for image: ID=489, file=/var/www/wordpress/wp-content/uploads/2023/03/spotted_eagle_ray._3-1.jpg 
[2026-08-03 02:46:23 : INFO] - Could not find file for image: ID=488, file=/var/www/wordpress/wp-content/uploads/2023/03/spotted_eagle_ray._2jpg-1.jpg 
[2026-08-03 02:46:23 : INFO] - Could not find file for image: ID=487, file=/var/www/wordpress/wp-content/uploads/2023/03/devils_grotto_2.jpg 
[2026-08-03 02:46:23 : INFO] - Could not find file for image: ID=486, file=/var/www/wordpress/wp-content/uploads/2023/03/devils_grotto_swimthrough-1.jpg 
[2026-08-03 02:46:23 : INFO] - Could not find file for image: ID=485, file=/var/www/wordpress/wp-content/uploads/2023/03/devils_grotto-1.jpg 
[2026-08-03 02:46:23 : INFO] - Could not find file for image: ID=476, file=/var/www/wordpress/wp-content/uploads/2023/03/looking_astern_from_inside_the_kittiwake-1.jpg 
[2026-08-03 02:46:23 : INFO] - Could not find file for image: ID=475, file=/var/www/wordpress/wp-content/uploads/2023/03/joe_outside_the_kiddiewake-1.jpg 
[2026-08-03 02:46:23 : INFO] - Could not find file for image: ID=474, file=/var/www/wordpress/wp-content/uploads/2023/03/looking_out_from_inside_the_kittiwake-1.jpg 
[2026-08-03 02:46:23 : INFO] - Could not find file for image: ID=473, file=/var/www/wordpress/wp-content/uploads/2023/03/captain_joe_at_kittiwake-1.jpg 
[2026-08-03 02:46:23 : INFO] - Could not find file for image: ID=472, file=/var/www/wordpress/wp-content/uploads/2023/03/joe_starboard_side_of_the_kittiwake-1.jpg 
[2026-08-03 02:46:23 : INFO] - Could not find file for image: ID=471, file=/var/www/wordpress/wp-content/uploads/2023/03/kittiwake_bow-1.jpg 
[2026-08-03 02:46:23 : INFO] - Could not find file for image: ID=470, file=/var/www/wordpress/wp-content/uploads/2023/03/joe_taking_photo_of_me-1.jpg 
[2026-08-03 02:46:23 : INFO] - Could not find file for image: ID=469, file=/var/www/wordpress/wp-content/uploads/2023/03/joe_at_devils_grotto-1.jpg 
[2026-08-03 02:46:23 : INFO] - Could not find file for image: ID=468, file=/var/www/wordpress/wp-content/uploads/2023/03/diver_on_boat_ladder_-1.jpg 
[2026-08-03 02:46:23 : INFO] - Could not find file for image: ID=467, file=/var/www/wordpress/wp-content/uploads/2023/03/banana.boat_1-1.jpg 
[2026-08-03 02:46:23 : INFO] - Could not find file for image: ID=466, file=/var/www/wordpress/wp-content/uploads/2023/03/joe_under_boat-1.jpg 
[2026-08-03 02:46:23 : INFO] - Could not find file for image: ID=465, file=/var/www/wordpress/wp-content/uploads/2023/03/joe_6-1.jpg 
[2026-08-03 02:46:23 : INFO] - Could not find file for image: ID=464, file=/var/www/wordpress/wp-content/uploads/2023/03/joe_4-1.jpg 
[2026-08-03 02:46:23 : INFO] - Could not find file for image: ID=463, file=/var/www/wordpress/wp-content/uploads/2023/03/boat_and_hooka_line-1.jpg 
[2026-08-03 02:46:23 : INFO] - Could not find file for image: ID=462, file=/var/www/wordpress/wp-content/uploads/2023/03/mark_6-1.jpg 
[2026-08-03 02:46:23 : INFO] - Could not find file for image: ID=461, file=/var/www/wordpress/wp-content/uploads/2023/03/mark_5-1.jpg 
[2026-08-03 02:46:23 : INFO] - Could not find file for image: ID=460, file=/var/www/wordpress/wp-content/uploads/2023/03/joe_3-1.jpg 
[2026-08-03 02:46:23 : INFO] - Could not find file for image: ID=459, file=/var/www/wordpress/wp-content/uploads/2023/03/landscape_2-1.jpg 
[2026-08-03 02:46:23 : INFO] - Could not find file for image: ID=458, file=/var/www/wordpress/wp-content/uploads/2023/03/landscape-1.jpg 
[2026-08-03 02:46:23 : INFO] - Could not find file for image: ID=457, file=/var/www/wordpress/wp-content/uploads/2023/03/joe_2-1.jpg 
[2026-08-03 02:46:23 : INFO] - Could not find file for image: ID=450, file=/var/www/wordpress/wp-content/uploads/2023/03/DSCN0706-1.jpg 
[2026-08-03 02:46:23 : INFO] - Could not find file for image: ID=449, file=/var/www/wordpress/wp-content/uploads/2023/03/1IMGP5276-1.jpg 
[2026-08-03 02:46:23 : INFO] - Could not find file for image: ID=448, file=/var/www/wordpress/wp-content/uploads/2023/03/1IMGP5272-1.jpg 
[2026-08-03 02:46:23 : INFO] - Could not find file for image: ID=447, file=/var/www/wordpress/wp-content/uploads/2023/03/1IMGP5245-1.jpg 
[2026-08-03 02:46:23 : INFO] - Could not find file for image: ID=441, file=/var/www/wordpress/wp-content/uploads/2023/03/IMGP5518-1.jpg 
[2026-08-03 02:46:23 : INFO] - Could not find file for image: ID=440, file=/var/www/wordpress/wp-content/uploads/2023/03/IMGP5517-1.jpg 
[2026-08-03 02:46:23 : INFO] - Could not find file for image: ID=439, file=/var/www/wordpress/wp-content/uploads/2023/03/IMGP5511-1.jpg 
[2026-08-03 02:46:23 : INFO] - Could not find file for image: ID=438, file=/var/www/wordpress/wp-content/uploads/2023/03/IMGP5507-1.jpg 
[2026-08-03 02:46:23 : INFO] - Could not find file for image: ID=437, file=/var/www/wordpress/wp-content/uploads/2023/03/IMGP5488-1.jpg 
[2026-08-03 02:46:23 : INFO] - Could not find file for image: ID=436, file=/var/www/wordpress/wp-content/uploads/2023/03/IMGP5482-1.jpg 
[2026-08-03 02:46:23 : INFO] - Could not find file for image: ID=435, file=/var/www/wordpress/wp-content/uploads/2023/03/IMGP5477-1.jpg 
[2026-08-03 02:46:23 : INFO] - Could not find file for image: ID=434, file=/var/www/wordpress/wp-content/uploads/2023/03/IMGP5424-1.jpg 
[2026-08-03 02:46:23 : INFO] - Could not find file for image: ID=433, file=/var/www/wordpress/wp-content/uploads/2023/03/IMGP5391-1.jpg 
[2026-08-03 02:46:23 : INFO] - Could not find file for image: ID=432, file=/var/www/wordpress/wp-content/uploads/2023/03/IMGP5374-1.jpg 
[2026-08-03 02:46:23 : INFO] - Could not find file for image: ID=431, file=/var/www/wordpress/wp-content/uploads/2023/03/IMGP5373-1.jpg 
[2026-08-03 02:46:23 : INFO] - Could not find file for image: ID=430, file=/var/www/wordpress/wp-content/uploads/2023/03/IMGP5357-1.jpg 
[2026-08-03 02:46:23 : INFO] - Could not find file for image: ID=429, file=/var/www/wordpress/wp-content/uploads/2023/03/IMGP5356-1.jpg 
[2026-08-03 02:46:23 : INFO] - Could not find file for image: ID=428, file=/var/www/wordpress/wp-content/uploads/2023/03/IMGP5354-1.jpg 
[2026-08-03 02:46:23 : INFO] - Could not find file for image: ID=427, file=/var/www/wordpress/wp-content/uploads/2023/03/IMGP5352-1.jpg 
[2026-08-03 02:46:23 : INFO] - Could not find file for image: ID=426, file=/var/www/wordpress/wp-content/uploads/2023/03/DSCN0778-1.jpg 
[2026-08-03 02:46:23 : INFO] - Could not find file for image: ID=425, file=/var/www/wordpress/wp-content/uploads/2023/03/DSCN0775-1.jpg 
[2026-08-03 02:46:23 : INFO] - Could not find file for image: ID=424, file=/var/www/wordpress/wp-content/uploads/2023/03/DSCN0766-1.jpg 
[2026-08-03 02:46:23 : INFO] - Could not find file for image: ID=423, file=/var/www/wordpress/wp-content/uploads/2023/03/DSCN0749-1.jpg 
[2026-08-03 02:46:23 : INFO] - Could not find file for image: ID=422, file=/var/www/wordpress/wp-content/uploads/2023/03/DSCN0724-1.jpg 
[2026-08-03 02:46:23 : INFO] - Could not find file for image: ID=421, file=/var/www/wordpress/wp-content/uploads/2023/03/DSCN0715-1.jpg 
[2026-08-03 02:46:23 : INFO] - Could not find file for image: ID=420, file=/var/www/wordpress/wp-content/uploads/2023/03/DSCN0711-1.jpg 
[2026-08-03 02:46:23 : INFO] - Could not find file for image: ID=419, file=/var/www/wordpress/wp-content/uploads/2023/03/DSCN0710-1.jpg 
[2026-08-03 02:46:23 : INFO] - Could not find file for image: ID=418, file=/var/www/wordpress/wp-content/uploads/2023/03/DSCN0709-1.jpg 
[2026-08-03 02:46:23 : INFO] - Could not find file for image: ID=417, file=/var/www/wordpress/wp-content/uploads/2023/03/DSCN0620-1.jpg 
[2026-08-03 02:46:23 : INFO] - Could not find file for image: ID=416, file=/var/www/wordpress/wp-content/uploads/2023/03/DSCN0615-1.jpg 
[2026-08-03 02:46:23 : INFO] - Could not find file for image: ID=415, file=/var/www/wordpress/wp-content/uploads/2023/03/DSCN0599-1.jpg 
[2026-08-03 02:46:23 : INFO] - Could not find file for image: ID=414, file=/var/www/wordpress/wp-content/uploads/2023/03/DSCN0581-1.jpg 
[2026-08-03 02:46:23 : INFO] - Could not find file for image: ID=413, file=/var/www/wordpress/wp-content/uploads/2023/03/DSCN0577-1.jpg 
[2026-08-03 02:46:23 : INFO] - Could not find file for image: ID=412, file=/var/www/wordpress/wp-content/uploads/2023/03/DSCN0572-1.jpg 
[2026-08-03 02:46:23 : INFO] - Could not find file for image: ID=411, file=/var/www/wordpress/wp-content/uploads/2023/03/DSCN058156-1.jpg 
[2026-08-03 02:46:23 : INFO] - Could not find file for image: ID=410, file=/var/www/wordpress/wp-content/uploads/2023/03/DSCN0713a-1.jpg 
[2026-08-03 02:46:23 : INFO] - Could not find file for image: ID=409, file=/var/www/wordpress/wp-content/uploads/2023/03/DSCN0581467-1.jpg 
[2026-08-03 02:46:23 : INFO] - Could not find file for image: ID=408, file=/var/www/wordpress/wp-content/uploads/2023/03/DSCN0564a-1.jpg 
[2026-08-03 02:46:23 : INFO] - Could not find file for image: ID=407, file=/var/www/wordpress/wp-content/uploads/2023/03/DSCN0564a1-1.jpg 
[2026-08-03 02:46:23 : INFO] - Could not find file for image: ID=406, file=/var/www/wordpress/wp-content/uploads/2023/03/DSCN0564-1.jpg 
[2026-08-03 02:46:23 : INFO] - Could not find file for image: ID=405, file=/var/www/wordpress/wp-content/uploads/2023/03/DSCN0563-1.jpg 
[2026-08-03 02:46:23 : INFO] - Could not find file for image: ID=404, file=/var/www/wordpress/wp-content/uploads/2023/03/DSCN0550-1.jpg 
[2026-08-03 02:46:23 : INFO] - Could not find file for image: ID=403, file=/var/www/wordpress/wp-content/uploads/2023/03/DSCN0547-1.jpg 
[2026-08-03 02:46:23 : INFO] - Could not find file for image: ID=402, file=/var/www/wordpress/wp-content/uploads/2023/03/1IMGP5326-1.jpg 
[2026-08-03 02:46:23 : INFO] - Could not find file for image: ID=401, file=/var/www/wordpress/wp-content/uploads/2023/03/DSC_0190-1.jpg 
[2026-08-03 02:46:23 : INFO] - Could not find file for image: ID=400, file=/var/www/wordpress/wp-content/uploads/2023/03/DSC_0182-1.jpg 
[2026-08-03 02:46:23 : INFO] - Could not find file for image: ID=399, file=/var/www/wordpress/wp-content/uploads/2023/03/DSCN0530-1.jpg 
[2026-08-03 02:46:23 : INFO] - Could not find file for image: ID=398, file=/var/www/wordpress/wp-content/uploads/2023/03/DSC_0171-1.jpg 
[2026-08-03 02:46:23 : INFO] - Could not find file for image: ID=397, file=/var/www/wordpress/wp-content/uploads/2023/03/1IMGP5309-1.jpg 
[2026-08-03 02:46:23 : INFO] - Could not find file for image: ID=396, file=/var/www/wordpress/wp-content/uploads/2023/03/1IMGP5289-1.jpg 
[2026-08-03 02:46:23 : INFO] - Could not find file for image: ID=332, file=/var/www/wordpress/wp-content/uploads/2023/03/DSCI0459.jpg 
[2026-08-03 02:46:23 : INFO] - Could not find file for image: ID=331, file=/var/www/wordpress/wp-content/uploads/2023/03/DSCI0452.jpg 
[2026-08-03 02:46:23 : INFO] - Could not find file for image: ID=330, file=/var/www/wordpress/wp-content/uploads/2023/03/DSCI0449.jpg 
[2026-08-03 02:46:23 : INFO] - Could not find file for image: ID=329, file=/var/www/wordpress/wp-content/uploads/2023/03/DSCI0387.jpg 
[2026-08-03 02:46:23 : INFO] - Could not find file for image: ID=328, file=/var/www/wordpress/wp-content/uploads/2023/03/DSCI0372.jpg 
[2026-08-03 02:46:23 : INFO] - Could not find file for image: ID=327, file=/var/www/wordpress/wp-content/uploads/2023/03/DSCI0355.jpg 
[2026-08-03 02:46:23 : INFO] - Could not find file for image: ID=326, file=/var/www/wordpress/wp-content/uploads/2023/03/DSCI0336.jpg 
[2026-08-03 02:46:23 : INFO] - Could not find file for image: ID=325, file=/var/www/wordpress/wp-content/uploads/2023/03/DSCI0334.jpg 
[2026-08-03 02:46:23 : INFO] - Could not find file for image: ID=324, file=/var/www/wordpress/wp-content/uploads/2023/03/DSCI0331.jpg 
[2026-08-03 02:46:23 : INFO] - Could not find file for image: ID=323, file=/var/www/wordpress/wp-content/uploads/2023/03/DSCI0323.jpg 
[2026-08-03 02:46:23 : INFO] - Could not find file for image: ID=322, file=/var/www/wordpress/wp-content/uploads/2023/03/DSCI0322.jpg 
[2026-08-03 02:46:23 : INFO] - Could not find file for image: ID=321, file=/var/www/wordpress/wp-content/uploads/2023/03/DSCI0317.jpg 
[2026-08-03 02:46:23 : INFO] - Could not find file for image: ID=320, file=/var/www/wordpress/wp-content/uploads/2023/03/DSCI0312.jpg 
[2026-08-03 02:46:23 : INFO] - Could not find file for image: ID=319, file=/var/www/wordpress/wp-content/uploads/2023/03/DSCI0292.jpg 
[2026-08-03 02:46:23 : INFO] - Could not find file for image: ID=318, file=/var/www/wordpress/wp-content/uploads/2023/03/DSCI0290.jpg 
[2026-08-03 02:46:23 : INFO] - Could not find file for image: ID=317, file=/var/www/wordpress/wp-content/uploads/2023/03/DSCI0289.jpg 
[2026-08-03 02:46:23 : INFO] - Could not find file for image: ID=316, file=/var/www/wordpress/wp-content/uploads/2023/03/DSCI0288.jpg 
[2026-08-03 02:46:23 : INFO] - Could not find file for image: ID=315, file=/var/www/wordpress/wp-content/uploads/2023/03/DSCI0284.jpg 
[2026-08-03 02:46:23 : INFO] - Could not find file for image: ID=314, file=/var/www/wordpress/wp-content/uploads/2023/03/DSCI0277.jpg 
[2026-08-03 02:46:23 : INFO] - Could not find file for image: ID=313, file=/var/www/wordpress/wp-content/uploads/2023/03/DSCI0276-1.jpg 
[2026-08-03 02:46:23 : INFO] - Could not find file for image: ID=312, file=/var/www/wordpress/wp-content/uploads/2023/03/DSCI0271.jpg 
[2026-08-03 02:46:23 : INFO] - Could not find file for image: ID=311, file=/var/www/wordpress/wp-content/uploads/2023/03/DSCI0260.jpg 
[2026-08-03 02:46:23 : INFO] - Could not find file for image: ID=310, file=/var/www/wordpress/wp-content/uploads/2023/03/DSCI0253.jpg 
[2026-08-03 02:46:23 : INFO] - Could not find file for image: ID=309, file=/var/www/wordpress/wp-content/uploads/2023/03/DSCI0250.jpg 
[2026-08-03 02:46:23 : INFO] - Could not find file for image: ID=305, file=/var/www/wordpress/wp-content/uploads/2023/03/alabaster.nudi_5-1.jpg 
[2026-08-03 02:46:23 : INFO] - Could not find file for image: ID=304, file=/var/www/wordpress/wp-content/uploads/2023/03/alabaster.nudi_4-1.jpg 
[2026-08-03 02:46:23 : INFO] - Could not find file for image: ID=303, file=/var/www/wordpress/wp-content/uploads/2023/03/sailfin.skulpin-1.jpg 
[2026-08-03 02:46:23 : INFO] - Could not find file for image: ID=302, file=/var/www/wordpress/wp-content/uploads/2023/03/alabaster.nudi_3-1.jpg 
[2026-08-03 02:46:23 : INFO] - Could not find file for image: ID=301, file=/var/www/wordpress/wp-content/uploads/2023/03/alabaster.nudi_-1.jpg 
[2026-08-03 02:46:23 : INFO] - Could not find file for image: ID=300, file=/var/www/wordpress/wp-content/uploads/2023/03/kelp.crab-2-1.jpg 
[2026-08-03 02:46:23 : INFO] - Could not find file for image: ID=299, file=/var/www/wordpress/wp-content/uploads/2023/03/shrimp-1.jpg 
[2026-08-03 02:46:23 : INFO] - Could not find file for image: ID=298, file=/var/www/wordpress/wp-content/uploads/2023/03/IMG_0053-1.jpg 
[2026-08-03 02:46:23 : INFO] - Could not find file for image: ID=297, file=/var/www/wordpress/wp-content/uploads/2023/03/IMG_0050-1.jpg 
[2026-08-03 02:46:23 : INFO] - Could not find file for image: ID=296, file=/var/www/wordpress/wp-content/uploads/2023/03/IMG_0040-1.jpg 
[2026-08-03 02:46:23 : INFO] - Could not find file for image: ID=295, file=/var/www/wordpress/wp-content/uploads/2023/03/IMG_0055-1.jpg 
[2026-08-03 02:46:23 : INFO] - Could not find file for image: ID=294, file=/var/www/wordpress/wp-content/uploads/2023/03/brown.sriped.nudibranch-1.jpg 
[2026-08-03 02:46:23 : INFO] - Could not find file for image: ID=293, file=/var/www/wordpress/wp-content/uploads/2023/03/rose.star_-1.jpg 
[2026-08-03 02:46:23 : INFO] - Could not find file for image: ID=292, file=/var/www/wordpress/wp-content/uploads/2023/03/vanessa-1.jpg 
[2026-08-03 02:46:23 : INFO] - Could not find file for image: ID=291, file=/var/www/wordpress/wp-content/uploads/2023/03/clown.or_.something.else_.nudibranch-1.jpg 
[2026-08-03 02:46:23 : INFO] - Could not find file for image: ID=290, file=/var/www/wordpress/wp-content/uploads/2023/03/unknown.creature-1.jpg 
[2026-08-03 02:46:23 : INFO] - Could not find file for image: ID=289, file=/var/www/wordpress/wp-content/uploads/2023/03/DSCI2066-1.jpg 
[2026-08-03 02:46:23 : INFO] - Could not find file for image: ID=288, file=/var/www/wordpress/wp-content/uploads/2023/03/DSCI2056-1.jpg 
[2026-08-03 02:46:23 : INFO] - Could not find file for image: ID=287, file=/var/www/wordpress/wp-content/uploads/2023/03/DSCI2045-1.jpg 
[2026-08-03 02:46:23 : INFO] - Could not find file for image: ID=286, file=/var/www/wordpress/wp-content/uploads/2023/03/DSCI2042-1.jpg 
[2026-08-03 02:46:23 : INFO] - Could not find file for image: ID=284, file=/var/www/wordpress/wp-content/uploads/2023/03/DSCI2035-1.jpg 
[2026-08-03 02:46:23 : INFO] - Could not find file for image: ID=283, file=/var/www/wordpress/wp-content/uploads/2023/03/DSCI2032-1.jpg 
[2026-08-03 02:46:23 : INFO] - Could not find file for image: ID=282, file=/var/www/wordpress/wp-content/uploads/2023/03/DSCI2009-1.jpg 
[2026-08-03 02:46:23 : INFO] - Could not find file for image: ID=281, file=/var/www/wordpress/wp-content/uploads/2023/03/DSCI1971-1.jpg 
[2026-08-03 02:46:23 : INFO] - Could not find file for image: ID=280, file=/var/www/wordpress/wp-content/uploads/2023/03/DSCI1216-2-1.jpg 
[2026-08-03 02:46:23 : INFO] - Could not find file for image: ID=279, file=/var/www/wordpress/wp-content/uploads/2023/03/DSCI1212-2-1.jpg 
[2026-08-03 02:46:23 : INFO] - Could not find file for image: ID=278, file=/var/www/wordpress/wp-content/uploads/2023/03/DSCI1204-1.jpg 
[2026-08-03 02:46:23 : INFO] - Could not find file for image: ID=277, file=/var/www/wordpress/wp-content/uploads/2023/03/DSCI1191-1.jpg 
[2026-08-03 02:46:23 : INFO] - Could not find file for image: ID=276, file=/var/www/wordpress/wp-content/uploads/2023/03/DSCI1186-1.jpg 
[2026-08-03 02:46:23 : INFO] - Could not find file for image: ID=275, file=/var/www/wordpress/wp-content/uploads/2023/03/DSCI1159-1.jpg 
[2026-08-03 02:46:23 : INFO] - Could not find file for image: ID=274, file=/var/www/wordpress/wp-content/uploads/2023/03/kelp.crab_-1.jpg 
[2026-08-03 02:46:23 : INFO] - Could not find file for image: ID=272, file=/var/www/wordpress/wp-content/uploads/2023/03/shimp.watching.a.show_-1.jpg 
[2026-08-03 02:46:23 : INFO] - Could not find file for image: ID=271, file=/var/www/wordpress/wp-content/uploads/2023/03/hermit.crab_-1.jpg 
[2026-08-03 02:46:23 : INFO] - Could not find file for image: ID=270, file=/var/www/wordpress/wp-content/uploads/2023/03/orange.spotted.nudibranch-1.jpg 
[2026-08-03 02:46:23 : INFO] - Could not find file for image: ID=269, file=/var/www/wordpress/wp-content/uploads/2023/03/alabaster.nudibranch.2.jpg 
[2026-08-03 02:46:23 : INFO] - Could not find file for image: ID=268, file=/var/www/wordpress/wp-content/uploads/2023/03/vanessa.mapping.2.jpg 
[2026-08-03 02:46:23 : INFO] - Could not find file for image: ID=267, file=/var/www/wordpress/wp-content/uploads/2023/03/kerri.floating.in_.the_.green_.jpg 
[2026-08-03 02:46:23 : INFO] - Could not find file for image: ID=266, file=/var/www/wordpress/wp-content/uploads/2023/03/brian.jpg 
[2026-08-03 02:46:23 : INFO] - Could not find file for image: ID=265, file=/var/www/wordpress/wp-content/uploads/2023/03/dive.master.brian-class.compass.briefing.jpg 
[2026-08-03 02:46:23 : INFO] - Could not find file for image: ID=264, file=/var/www/wordpress/wp-content/uploads/2023/03/dive.master.brian-class.briefing.jpg 
[2026-08-03 02:46:23 : INFO] - Could not find file for image: ID=263, file=/var/www/wordpress/wp-content/uploads/2023/03/DSCI0850_v2.jpg 
[2026-08-03 02:46:23 : INFO] - Could not find file for image: ID=262, file=/var/www/wordpress/wp-content/uploads/2023/03/DSCI0848.jpg 
[2026-08-03 02:46:23 : INFO] - Could not find file for image: ID=261, file=/var/www/wordpress/wp-content/uploads/2023/03/DSCI0847.jpg 
[2026-08-03 02:46:23 : INFO] - Could not find file for image: ID=260, file=/var/www/wordpress/wp-content/uploads/2023/03/divemaster.brian_.entering.water_.jpg 
[2026-08-03 02:46:23 : INFO] - Could not find file for image: ID=259, file=/var/www/wordpress/wp-content/uploads/2023/03/brian.oconnor-DiveMaster.jpg 
[2026-08-03 02:46:23 : INFO] - Could not find file for image: ID=258, file=/var/www/wordpress/wp-content/uploads/2023/03/DSCI0715_BW.jpg 
[2026-08-03 02:46:23 : INFO] - Could not find file for image: ID=257, file=/var/www/wordpress/wp-content/uploads/2023/03/IMG_3902.jpg 
[2026-08-03 02:46:23 : INFO] - Could not find file for image: ID=256, file=/var/www/wordpress/wp-content/uploads/2023/03/IMG_3897.jpg 
[2026-08-03 02:46:23 : INFO] - Could not find file for image: ID=255, file=/var/www/wordpress/wp-content/uploads/2023/03/IMG_3908-1.jpg 
[2026-08-03 02:46:23 : INFO] - Could not find file for image: ID=254, file=/var/www/wordpress/wp-content/uploads/2023/03/Brian.Chris_.David_.John-at.dive_.shop_.jpg 
[2026-08-03 02:46:23 : INFO] - Could not find file for image: ID=253, file=/var/www/wordpress/wp-content/uploads/2023/03/IMG_3294.jpg 
[2026-08-03 02:46:23 : INFO] - Could not find file for image: ID=109, file=/var/www/wordpress/wp-content/uploads/2023/03/IMG_6052.jpg 
[2026-08-03 02:46:23 : INFO] - Could not find file for image: ID=108, file=/var/www/wordpress/wp-content/uploads/2023/03/IMG_6033.jpg 
[2026-08-03 02:46:23 : INFO] - Could not find file for image: ID=107, file=/var/www/wordpress/wp-content/uploads/2023/03/IMG_2698.jpg 
[2026-08-03 02:46:23 : INFO] - Could not find file for image: ID=106, file=/var/www/wordpress/wp-content/uploads/2023/03/IMG_2694.jpg 
[2026-08-03 02:46:23 : INFO] - Could not find file for image: ID=105, file=/var/www/wordpress/wp-content/uploads/2023/03/IMG_2674.jpg 
[2026-08-03 02:46:23 : INFO] - Could not find file for image: ID=104, file=/var/www/wordpress/wp-content/uploads/2023/03/IMG_2685.jpg 
[2026-08-03 02:46:23 : INFO] - Could not find file for image: ID=103, file=/var/www/wordpress/wp-content/uploads/2023/03/IMG_2683.jpg 
[2026-08-03 02:46:23 : INFO] - Could not find file for image: ID=102, file=/var/www/wordpress/wp-content/uploads/2023/03/IMG_5978-1.jpg 
[2026-08-03 02:46:23 : INFO] - Could not find file for image: ID=101, file=/var/www/wordpress/wp-content/uploads/2023/03/IMG_5953.jpg 
[2026-08-03 02:46:23 : INFO] - Could not find file for image: ID=100, file=/var/www/wordpress/wp-content/uploads/2023/03/IMG_2666.jpg 
[2026-08-03 02:46:23 : INFO] - Could not find file for image: ID=99, file=/var/www/wordpress/wp-content/uploads/2023/03/IMG_2660.jpg 
[2026-08-03 02:46:23 : INFO] - Could not find file for image: ID=98, file=/var/www/wordpress/wp-content/uploads/2023/03/IMG_5948.jpg 
[2026-08-03 02:46:23 : INFO] - Could not find file for image: ID=97, file=/var/www/wordpress/wp-content/uploads/2023/03/IMG_6081.jpg 
[2026-08-03 02:46:23 : INFO] - Could not find file for image: ID=96, file=/var/www/wordpress/wp-content/uploads/2023/03/IMG_5927-1.jpg 
[2026-08-03 02:46:23 : INFO] - Could not find file for image: ID=95, file=/var/www/wordpress/wp-content/uploads/2023/03/IMG_5913-1.jpg 
[2026-08-03 02:46:23 : INFO] - Could not find file for image: ID=94, file=/var/www/wordpress/wp-content/uploads/2023/03/IMG_2689.jpg 
[2026-08-03 02:46:23 : INFO] - Could not find file for image: ID=93, file=/var/www/wordpress/wp-content/uploads/2023/03/IMG_5889-1.jpg 
[2026-08-03 02:46:23 : INFO] - Could not find file for image: ID=92, file=/var/www/wordpress/wp-content/uploads/2023/03/IMG_5860.jpg 
[2026-08-03 02:46:23 : INFO] - Could not find file for image: ID=91, file=/var/www/wordpress/wp-content/uploads/2023/03/IMG_5855.jpg 
[2026-08-03 02:46:23 : INFO] - Could not find file for image: ID=90, file=/var/www/wordpress/wp-content/uploads/2023/03/IMG_2628.jpg 
[2026-08-03 02:46:23 : INFO] - Could not find file for image: ID=89, file=/var/www/wordpress/wp-content/uploads/2023/03/IMG_2623.jpg 
[2026-08-03 02:46:23 : INFO] - Could not find file for image: ID=88, file=/var/www/wordpress/wp-content/uploads/2023/03/IMG_2609.jpg 
[2026-08-03 02:46:23 : INFO] - Could not find file for image: ID=87, file=/var/www/wordpress/wp-content/uploads/2023/03/IMG_2613.jpg 
[2026-08-03 02:46:23 : INFO] - Could not find file for image: ID=86, file=/var/www/wordpress/wp-content/uploads/2023/03/IMG_2601.jpg 
[2026-08-03 02:46:23 : INFO] - Could not find file for image: ID=85, file=/var/www/wordpress/wp-content/uploads/2023/03/IMG_5829.jpg 
[2026-08-03 02:46:23 : INFO] - Could not find file for image: ID=84, file=/var/www/wordpress/wp-content/uploads/2023/03/IMG_5817.jpg 
[2026-08-03 02:46:23 : INFO] - Could not find file for image: ID=83, file=/var/www/wordpress/wp-content/uploads/2023/03/IMG_5816.jpg 
[2026-08-03 02:46:23 : INFO] - Could not find file for image: ID=82, file=/var/www/wordpress/wp-content/uploads/2023/03/IMG_2619.jpg 
[2026-08-03 02:46:23 : INFO] - Could not find file for image: ID=81, file=/var/www/wordpress/wp-content/uploads/2023/03/IMG_2598.jpg 
[2026-08-03 02:46:23 : INFO] - Could not find file for image: ID=80, file=/var/www/wordpress/wp-content/uploads/2023/03/IMG_2596.jpg 
[2026-08-03 02:46:23 : INFO] - Could not find file for image: ID=79, file=/var/www/wordpress/wp-content/uploads/2023/03/IMG_5794.jpg 
[2026-08-03 02:46:23 : INFO] - Could not find file for image: ID=78, file=/var/www/wordpress/wp-content/uploads/2023/03/IMG_5787.jpg 
[2026-08-03 02:46:23 : INFO] - Could not find file for image: ID=77, file=/var/www/wordpress/wp-content/uploads/2023/03/IMG_5736.jpg 
[2026-08-03 02:46:23 : INFO] - Could not find file for image: ID=76, file=/var/www/wordpress/wp-content/uploads/2023/03/IMG_5732.jpg 
[2026-08-03 02:46:23 : INFO] - Could not find file for image: ID=75, file=/var/www/wordpress/wp-content/uploads/2023/03/IMGP1013.jpg 
[2026-08-03 02:46:23 : INFO] - Could not find file for image: ID=74, file=/var/www/wordpress/wp-content/uploads/2023/03/IMG_5723.jpg 
[2026-08-03 02:46:23 : INFO] - Could not find file for image: ID=67, file=/var/www/wordpress/wp-content/uploads/2023/03/DSC_0161.jpg 
[2026-08-03 02:46:23 : INFO] - Could not find file for image: ID=66, file=/var/www/wordpress/wp-content/uploads/2023/03/DSCN0497.jpg 
[2026-08-03 02:46:23 : INFO] - Could not find file for image: ID=65, file=/var/www/wordpress/wp-content/uploads/2023/03/DSC_0121.jpg 
[2026-08-03 02:46:23 : INFO] - Could not find file for image: ID=64, file=/var/www/wordpress/wp-content/uploads/2023/03/1IMGP5321.jpg 
[2026-08-03 02:46:23 : INFO] - Could not find file for image: ID=63, file=/var/www/wordpress/wp-content/uploads/2023/03/1IMGP5308.jpg 
[2026-08-03 02:46:23 : INFO] - Could not find file for image: ID=57, file=/var/www/wordpress/wp-content/uploads/2023/03/brian.entering.EUP_.with_.students.1st.class.since_.DM_.rating-1.jpg 
[2026-08-03 02:46:54 : INFO] - Could not find file for image: ID=574, file=/var/www/wordpress/wp-content/uploads/2023/03/50cc.map_-1.jpg 
[2026-08-03 02:46:54 : INFO] - Could not find file for image: ID=573, file=/var/www/wordpress/wp-content/uploads/2023/03/IMG_1487-1.jpg 
[2026-08-03 02:46:54 : INFO] - Could not find file for image: ID=572, file=/var/www/wordpress/wp-content/uploads/2023/03/IMG_1486-1.jpg 
[2026-08-03 02:46:54 : INFO] - Could not find file for image: ID=571, file=/var/www/wordpress/wp-content/uploads/2023/03/IMG_1485-1.jpg 
[2026-08-03 02:46:54 : INFO] - Could not find file for image: ID=569, file=/var/www/wordpress/wp-content/uploads/2023/03/IMG_1484-1.jpg 
[2026-08-03 02:46:54 : INFO] - Could not find file for image: ID=568, file=/var/www/wordpress/wp-content/uploads/2023/03/IMG_1483-1.jpg 
[2026-08-03 02:46:54 : INFO] - Could not find file for image: ID=567, file=/var/www/wordpress/wp-content/uploads/2023/03/IMG_1482-1.jpg 
[2026-08-03 02:46:54 : INFO] - Could not find file for image: ID=566, file=/var/www/wordpress/wp-content/uploads/2023/03/IMG_1479-1.jpg 
[2026-08-03 02:46:54 : INFO] - Could not find file for image: ID=565, file=/var/www/wordpress/wp-content/uploads/2023/03/IMG_1478-1.jpg 
[2026-08-03 02:46:54 : INFO] - Could not find file for image: ID=564, file=/var/www/wordpress/wp-content/uploads/2023/03/IMG_1474-1.jpg 
[2026-08-03 02:46:54 : INFO] - Could not find file for image: ID=563, file=/var/www/wordpress/wp-content/uploads/2023/03/IMG_1471-1.jpg 
[2026-08-03 02:46:54 : INFO] - Could not find file for image: ID=561, file=/var/www/wordpress/wp-content/uploads/2023/03/IMG_1467-1.jpg 
[2026-08-03 02:46:54 : INFO] - Could not find file for image: ID=560, file=/var/www/wordpress/wp-content/uploads/2023/03/IMG_1460-1.jpg 
[2026-08-03 02:46:54 : INFO] - Could not find file for image: ID=559, file=/var/www/wordpress/wp-content/uploads/2023/03/IMG_1459-1.jpg 
[2026-08-03 02:46:54 : INFO] - Could not find file for image: ID=558, file=/var/www/wordpress/wp-content/uploads/2023/03/IMG_1454-1.jpg 
[2026-08-03 02:46:54 : INFO] - Could not find file for image: ID=557, file=/var/www/wordpress/wp-content/uploads/2023/03/IMG_1452-1.jpg 
[2026-08-03 02:46:54 : INFO] - Could not find file for image: ID=556, file=/var/www/wordpress/wp-content/uploads/2023/03/IMG_1449-1.jpg 
[2026-08-03 02:46:54 : INFO] - Could not find file for image: ID=555, file=/var/www/wordpress/wp-content/uploads/2023/03/IMG_1446-1.jpg 
[2026-08-03 02:46:54 : INFO] - Could not find file for image: ID=554, file=/var/www/wordpress/wp-content/uploads/2023/03/IMG_1441-1.jpg 
[2026-08-03 02:46:54 : INFO] - Could not find file for image: ID=553, file=/var/www/wordpress/wp-content/uploads/2023/03/IMG_1434-1.jpg 
[2026-08-03 02:46:54 : INFO] - Could not find file for image: ID=552, file=/var/www/wordpress/wp-content/uploads/2023/03/IMG_1429-1.jpg 
[2026-08-03 02:46:54 : INFO] - Could not find file for image: ID=551, file=/var/www/wordpress/wp-content/uploads/2023/03/IMG_1428-1.jpg 
[2026-08-03 02:46:54 : INFO] - Could not find file for image: ID=550, file=/var/www/wordpress/wp-content/uploads/2023/03/IMG_1418-1.jpg 
[2026-08-03 02:46:54 : INFO] - Could not find file for image: ID=549, file=/var/www/wordpress/wp-content/uploads/2023/03/IMG_1410-1.jpg 
[2026-08-03 02:46:54 : INFO] - Could not find file for image: ID=490, file=/var/www/wordpress/wp-content/uploads/2023/03/spotted_eagle_ray._4-1.jpg 
[2026-08-03 02:46:54 : INFO] - Could not find file for image: ID=489, file=/var/www/wordpress/wp-content/uploads/2023/03/spotted_eagle_ray._3-1.jpg 
[2026-08-03 02:46:54 : INFO] - Could not find file for image: ID=488, file=/var/www/wordpress/wp-content/uploads/2023/03/spotted_eagle_ray._2jpg-1.jpg 
[2026-08-03 02:46:54 : INFO] - Could not find file for image: ID=487, file=/var/www/wordpress/wp-content/uploads/2023/03/devils_grotto_2.jpg 
[2026-08-03 02:46:54 : INFO] - Could not find file for image: ID=486, file=/var/www/wordpress/wp-content/uploads/2023/03/devils_grotto_swimthrough-1.jpg 
[2026-08-03 02:46:54 : INFO] - Could not find file for image: ID=485, file=/var/www/wordpress/wp-content/uploads/2023/03/devils_grotto-1.jpg 
[2026-08-03 02:46:54 : INFO] - Could not find file for image: ID=476, file=/var/www/wordpress/wp-content/uploads/2023/03/looking_astern_from_inside_the_kittiwake-1.jpg 
[2026-08-03 02:46:54 : INFO] - Could not find file for image: ID=475, file=/var/www/wordpress/wp-content/uploads/2023/03/joe_outside_the_kiddiewake-1.jpg 
[2026-08-03 02:46:54 : INFO] - Could not find file for image: ID=474, file=/var/www/wordpress/wp-content/uploads/2023/03/looking_out_from_inside_the_kittiwake-1.jpg 
[2026-08-03 02:46:54 : INFO] - Could not find file for image: ID=473, file=/var/www/wordpress/wp-content/uploads/2023/03/captain_joe_at_kittiwake-1.jpg 
[2026-08-03 02:46:54 : INFO] - Could not find file for image: ID=472, file=/var/www/wordpress/wp-content/uploads/2023/03/joe_starboard_side_of_the_kittiwake-1.jpg 
[2026-08-03 02:46:54 : INFO] - Could not find file for image: ID=471, file=/var/www/wordpress/wp-content/uploads/2023/03/kittiwake_bow-1.jpg 
[2026-08-03 02:46:54 : INFO] - Could not find file for image: ID=470, file=/var/www/wordpress/wp-content/uploads/2023/03/joe_taking_photo_of_me-1.jpg 
[2026-08-03 02:46:54 : INFO] - Could not find file for image: ID=469, file=/var/www/wordpress/wp-content/uploads/2023/03/joe_at_devils_grotto-1.jpg 
[2026-08-03 02:46:54 : INFO] - Could not find file for image: ID=468, file=/var/www/wordpress/wp-content/uploads/2023/03/diver_on_boat_ladder_-1.jpg 
[2026-08-03 02:46:54 : INFO] - Could not find file for image: ID=467, file=/var/www/wordpress/wp-content/uploads/2023/03/banana.boat_1-1.jpg 
[2026-08-03 02:46:54 : INFO] - Could not find file for image: ID=466, file=/var/www/wordpress/wp-content/uploads/2023/03/joe_under_boat-1.jpg 
[2026-08-03 02:46:54 : INFO] - Could not find file for image: ID=465, file=/var/www/wordpress/wp-content/uploads/2023/03/joe_6-1.jpg 
[2026-08-03 02:46:54 : INFO] - Could not find file for image: ID=464, file=/var/www/wordpress/wp-content/uploads/2023/03/joe_4-1.jpg 
[2026-08-03 02:46:54 : INFO] - Could not find file for image: ID=463, file=/var/www/wordpress/wp-content/uploads/2023/03/boat_and_hooka_line-1.jpg 
[2026-08-03 02:46:54 : INFO] - Could not find file for image: ID=462, file=/var/www/wordpress/wp-content/uploads/2023/03/mark_6-1.jpg 
[2026-08-03 02:46:54 : INFO] - Could not find file for image: ID=461, file=/var/www/wordpress/wp-content/uploads/2023/03/mark_5-1.jpg 
[2026-08-03 02:46:54 : INFO] - Could not find file for image: ID=460, file=/var/www/wordpress/wp-content/uploads/2023/03/joe_3-1.jpg 
[2026-08-03 02:46:54 : INFO] - Could not find file for image: ID=459, file=/var/www/wordpress/wp-content/uploads/2023/03/landscape_2-1.jpg 
[2026-08-03 02:46:54 : INFO] - Could not find file for image: ID=458, file=/var/www/wordpress/wp-content/uploads/2023/03/landscape-1.jpg 
[2026-08-03 02:46:54 : INFO] - Could not find file for image: ID=457, file=/var/www/wordpress/wp-content/uploads/2023/03/joe_2-1.jpg 
[2026-08-03 02:46:54 : INFO] - Could not find file for image: ID=450, file=/var/www/wordpress/wp-content/uploads/2023/03/DSCN0706-1.jpg 
[2026-08-03 02:46:54 : INFO] - Could not find file for image: ID=449, file=/var/www/wordpress/wp-content/uploads/2023/03/1IMGP5276-1.jpg 
[2026-08-03 02:46:54 : INFO] - Could not find file for image: ID=448, file=/var/www/wordpress/wp-content/uploads/2023/03/1IMGP5272-1.jpg 
[2026-08-03 02:46:54 : INFO] - Could not find file for image: ID=447, file=/var/www/wordpress/wp-content/uploads/2023/03/1IMGP5245-1.jpg 
[2026-08-03 02:46:54 : INFO] - Could not find file for image: ID=441, file=/var/www/wordpress/wp-content/uploads/2023/03/IMGP5518-1.jpg 
[2026-08-03 02:46:54 : INFO] - Could not find file for image: ID=440, file=/var/www/wordpress/wp-content/uploads/2023/03/IMGP5517-1.jpg 
[2026-08-03 02:46:54 : INFO] - Could not find file for image: ID=439, file=/var/www/wordpress/wp-content/uploads/2023/03/IMGP5511-1.jpg 
[2026-08-03 02:46:54 : INFO] - Could not find file for image: ID=438, file=/var/www/wordpress/wp-content/uploads/2023/03/IMGP5507-1.jpg 
[2026-08-03 02:46:54 : INFO] - Could not find file for image: ID=437, file=/var/www/wordpress/wp-content/uploads/2023/03/IMGP5488-1.jpg 
[2026-08-03 02:46:54 : INFO] - Could not find file for image: ID=436, file=/var/www/wordpress/wp-content/uploads/2023/03/IMGP5482-1.jpg 
[2026-08-03 02:46:54 : INFO] - Could not find file for image: ID=435, file=/var/www/wordpress/wp-content/uploads/2023/03/IMGP5477-1.jpg 
[2026-08-03 02:46:54 : INFO] - Could not find file for image: ID=434, file=/var/www/wordpress/wp-content/uploads/2023/03/IMGP5424-1.jpg 
[2026-08-03 02:46:54 : INFO] - Could not find file for image: ID=433, file=/var/www/wordpress/wp-content/uploads/2023/03/IMGP5391-1.jpg 
[2026-08-03 02:46:54 : INFO] - Could not find file for image: ID=432, file=/var/www/wordpress/wp-content/uploads/2023/03/IMGP5374-1.jpg 
[2026-08-03 02:46:54 : INFO] - Could not find file for image: ID=431, file=/var/www/wordpress/wp-content/uploads/2023/03/IMGP5373-1.jpg 
[2026-08-03 02:46:54 : INFO] - Could not find file for image: ID=430, file=/var/www/wordpress/wp-content/uploads/2023/03/IMGP5357-1.jpg 
[2026-08-03 02:46:54 : INFO] - Could not find file for image: ID=429, file=/var/www/wordpress/wp-content/uploads/2023/03/IMGP5356-1.jpg 
[2026-08-03 02:46:54 : INFO] - Could not find file for image: ID=428, file=/var/www/wordpress/wp-content/uploads/2023/03/IMGP5354-1.jpg 
[2026-08-03 02:46:54 : INFO] - Could not find file for image: ID=427, file=/var/www/wordpress/wp-content/uploads/2023/03/IMGP5352-1.jpg 
[2026-08-03 02:46:54 : INFO] - Could not find file for image: ID=426, file=/var/www/wordpress/wp-content/uploads/2023/03/DSCN0778-1.jpg 
[2026-08-03 02:46:54 : INFO] - Could not find file for image: ID=425, file=/var/www/wordpress/wp-content/uploads/2023/03/DSCN0775-1.jpg 
[2026-08-03 02:46:54 : INFO] - Could not find file for image: ID=424, file=/var/www/wordpress/wp-content/uploads/2023/03/DSCN0766-1.jpg 
[2026-08-03 02:46:54 : INFO] - Could not find file for image: ID=423, file=/var/www/wordpress/wp-content/uploads/2023/03/DSCN0749-1.jpg 
[2026-08-03 02:46:54 : INFO] - Could not find file for image: ID=422, file=/var/www/wordpress/wp-content/uploads/2023/03/DSCN0724-1.jpg 
[2026-08-03 02:46:54 : INFO] - Could not find file for image: ID=421, file=/var/www/wordpress/wp-content/uploads/2023/03/DSCN0715-1.jpg 
[2026-08-03 02:46:54 : INFO] - Could not find file for image: ID=420, file=/var/www/wordpress/wp-content/uploads/2023/03/DSCN0711-1.jpg 
[2026-08-03 02:46:54 : INFO] - Could not find file for image: ID=419, file=/var/www/wordpress/wp-content/uploads/2023/03/DSCN0710-1.jpg 
[2026-08-03 02:46:54 : INFO] - Could not find file for image: ID=418, file=/var/www/wordpress/wp-content/uploads/2023/03/DSCN0709-1.jpg 
[2026-08-03 02:46:54 : INFO] - Could not find file for image: ID=417, file=/var/www/wordpress/wp-content/uploads/2023/03/DSCN0620-1.jpg 
[2026-08-03 02:46:54 : INFO] - Could not find file for image: ID=416, file=/var/www/wordpress/wp-content/uploads/2023/03/DSCN0615-1.jpg 
[2026-08-03 02:46:54 : INFO] - Could not find file for image: ID=415, file=/var/www/wordpress/wp-content/uploads/2023/03/DSCN0599-1.jpg 
[2026-08-03 02:46:54 : INFO] - Could not find file for image: ID=414, file=/var/www/wordpress/wp-content/uploads/2023/03/DSCN0581-1.jpg 
[2026-08-03 02:46:54 : INFO] - Could not find file for image: ID=413, file=/var/www/wordpress/wp-content/uploads/2023/03/DSCN0577-1.jpg 
[2026-08-03 02:46:54 : INFO] - Could not find file for image: ID=412, file=/var/www/wordpress/wp-content/uploads/2023/03/DSCN0572-1.jpg 
[2026-08-03 02:46:54 : INFO] - Could not find file for image: ID=411, file=/var/www/wordpress/wp-content/uploads/2023/03/DSCN058156-1.jpg 
[2026-08-03 02:46:54 : INFO] - Could not find file for image: ID=410, file=/var/www/wordpress/wp-content/uploads/2023/03/DSCN0713a-1.jpg 
[2026-08-03 02:46:54 : INFO] - Could not find file for image: ID=409, file=/var/www/wordpress/wp-content/uploads/2023/03/DSCN0581467-1.jpg 
[2026-08-03 02:46:54 : INFO] - Could not find file for image: ID=408, file=/var/www/wordpress/wp-content/uploads/2023/03/DSCN0564a-1.jpg 
[2026-08-03 02:46:54 : INFO] - Could not find file for image: ID=407, file=/var/www/wordpress/wp-content/uploads/2023/03/DSCN0564a1-1.jpg 
[2026-08-03 02:46:54 : INFO] - Could not find file for image: ID=406, file=/var/www/wordpress/wp-content/uploads/2023/03/DSCN0564-1.jpg 
[2026-08-03 02:46:54 : INFO] - Could not find file for image: ID=405, file=/var/www/wordpress/wp-content/uploads/2023/03/DSCN0563-1.jpg 
[2026-08-03 02:46:54 : INFO] - Could not find file for image: ID=404, file=/var/www/wordpress/wp-content/uploads/2023/03/DSCN0550-1.jpg 
[2026-08-03 02:46:54 : INFO] - Could not find file for image: ID=403, file=/var/www/wordpress/wp-content/uploads/2023/03/DSCN0547-1.jpg 
[2026-08-03 02:46:54 : INFO] - Could not find file for image: ID=402, file=/var/www/wordpress/wp-content/uploads/2023/03/1IMGP5326-1.jpg 
[2026-08-03 02:46:54 : INFO] - Could not find file for image: ID=401, file=/var/www/wordpress/wp-content/uploads/2023/03/DSC_0190-1.jpg 
[2026-08-03 02:46:54 : INFO] - Could not find file for image: ID=400, file=/var/www/wordpress/wp-content/uploads/2023/03/DSC_0182-1.jpg 
[2026-08-03 02:46:54 : INFO] - Could not find file for image: ID=399, file=/var/www/wordpress/wp-content/uploads/2023/03/DSCN0530-1.jpg 
[2026-08-03 02:46:54 : INFO] - Could not find file for image: ID=398, file=/var/www/wordpress/wp-content/uploads/2023/03/DSC_0171-1.jpg 
[2026-08-03 02:46:54 : INFO] - Could not find file for image: ID=397, file=/var/www/wordpress/wp-content/uploads/2023/03/1IMGP5309-1.jpg 
[2026-08-03 02:46:54 : INFO] - Could not find file for image: ID=396, file=/var/www/wordpress/wp-content/uploads/2023/03/1IMGP5289-1.jpg 
[2026-08-03 02:46:54 : INFO] - Could not find file for image: ID=332, file=/var/www/wordpress/wp-content/uploads/2023/03/DSCI0459.jpg 
[2026-08-03 02:46:54 : INFO] - Could not find file for image: ID=331, file=/var/www/wordpress/wp-content/uploads/2023/03/DSCI0452.jpg 
[2026-08-03 02:46:54 : INFO] - Could not find file for image: ID=330, file=/var/www/wordpress/wp-content/uploads/2023/03/DSCI0449.jpg 
[2026-08-03 02:46:54 : INFO] - Could not find file for image: ID=329, file=/var/www/wordpress/wp-content/uploads/2023/03/DSCI0387.jpg 
[2026-08-03 02:46:54 : INFO] - Could not find file for image: ID=328, file=/var/www/wordpress/wp-content/uploads/2023/03/DSCI0372.jpg 
[2026-08-03 02:46:54 : INFO] - Could not find file for image: ID=327, file=/var/www/wordpress/wp-content/uploads/2023/03/DSCI0355.jpg 
[2026-08-03 02:46:54 : INFO] - Could not find file for image: ID=326, file=/var/www/wordpress/wp-content/uploads/2023/03/DSCI0336.jpg 
[2026-08-03 02:46:54 : INFO] - Could not find file for image: ID=325, file=/var/www/wordpress/wp-content/uploads/2023/03/DSCI0334.jpg 
[2026-08-03 02:46:54 : INFO] - Could not find file for image: ID=324, file=/var/www/wordpress/wp-content/uploads/2023/03/DSCI0331.jpg 
[2026-08-03 02:46:54 : INFO] - Could not find file for image: ID=323, file=/var/www/wordpress/wp-content/uploads/2023/03/DSCI0323.jpg 
[2026-08-03 02:46:54 : INFO] - Could not find file for image: ID=322, file=/var/www/wordpress/wp-content/uploads/2023/03/DSCI0322.jpg 
[2026-08-03 02:46:54 : INFO] - Could not find file for image: ID=321, file=/var/www/wordpress/wp-content/uploads/2023/03/DSCI0317.jpg 
[2026-08-03 02:46:54 : INFO] - Could not find file for image: ID=320, file=/var/www/wordpress/wp-content/uploads/2023/03/DSCI0312.jpg 
[2026-08-03 02:46:54 : INFO] - Could not find file for image: ID=319, file=/var/www/wordpress/wp-content/uploads/2023/03/DSCI0292.jpg 
[2026-08-03 02:46:54 : INFO] - Could not find file for image: ID=318, file=/var/www/wordpress/wp-content/uploads/2023/03/DSCI0290.jpg 
[2026-08-03 02:46:54 : INFO] - Could not find file for image: ID=317, file=/var/www/wordpress/wp-content/uploads/2023/03/DSCI0289.jpg 
[2026-08-03 02:46:54 : INFO] - Could not find file for image: ID=316, file=/var/www/wordpress/wp-content/uploads/2023/03/DSCI0288.jpg 
[2026-08-03 02:46:54 : INFO] - Could not find file for image: ID=315, file=/var/www/wordpress/wp-content/uploads/2023/03/DSCI0284.jpg 
[2026-08-03 02:46:54 : INFO] - Could not find file for image: ID=314, file=/var/www/wordpress/wp-content/uploads/2023/03/DSCI0277.jpg 
[2026-08-03 02:46:54 : INFO] - Could not find file for image: ID=313, file=/var/www/wordpress/wp-content/uploads/2023/03/DSCI0276-1.jpg 
[2026-08-03 02:46:54 : INFO] - Could not find file for image: ID=312, file=/var/www/wordpress/wp-content/uploads/2023/03/DSCI0271.jpg 
[2026-08-03 02:46:54 : INFO] - Could not find file for image: ID=311, file=/var/www/wordpress/wp-content/uploads/2023/03/DSCI0260.jpg 
[2026-08-03 02:46:54 : INFO] - Could not find file for image: ID=310, file=/var/www/wordpress/wp-content/uploads/2023/03/DSCI0253.jpg 
[2026-08-03 02:46:54 : INFO] - Could not find file for image: ID=309, file=/var/www/wordpress/wp-content/uploads/2023/03/DSCI0250.jpg 
[2026-08-03 02:46:54 : INFO] - Could not find file for image: ID=305, file=/var/www/wordpress/wp-content/uploads/2023/03/alabaster.nudi_5-1.jpg 
[2026-08-03 02:46:54 : INFO] - Could not find file for image: ID=304, file=/var/www/wordpress/wp-content/uploads/2023/03/alabaster.nudi_4-1.jpg 
[2026-08-03 02:46:54 : INFO] - Could not find file for image: ID=303, file=/var/www/wordpress/wp-content/uploads/2023/03/sailfin.skulpin-1.jpg 
[2026-08-03 02:46:54 : INFO] - Could not find file for image: ID=302, file=/var/www/wordpress/wp-content/uploads/2023/03/alabaster.nudi_3-1.jpg 
[2026-08-03 02:46:54 : INFO] - Could not find file for image: ID=301, file=/var/www/wordpress/wp-content/uploads/2023/03/alabaster.nudi_-1.jpg 
[2026-08-03 02:46:54 : INFO] - Could not find file for image: ID=300, file=/var/www/wordpress/wp-content/uploads/2023/03/kelp.crab-2-1.jpg 
[2026-08-03 02:46:54 : INFO] - Could not find file for image: ID=299, file=/var/www/wordpress/wp-content/uploads/2023/03/shrimp-1.jpg 
[2026-08-03 02:46:54 : INFO] - Could not find file for image: ID=298, file=/var/www/wordpress/wp-content/uploads/2023/03/IMG_0053-1.jpg 
[2026-08-03 02:46:54 : INFO] - Could not find file for image: ID=297, file=/var/www/wordpress/wp-content/uploads/2023/03/IMG_0050-1.jpg 
[2026-08-03 02:46:54 : INFO] - Could not find file for image: ID=296, file=/var/www/wordpress/wp-content/uploads/2023/03/IMG_0040-1.jpg 
[2026-08-03 02:46:54 : INFO] - Could not find file for image: ID=295, file=/var/www/wordpress/wp-content/uploads/2023/03/IMG_0055-1.jpg 
[2026-08-03 02:46:54 : INFO] - Could not find file for image: ID=294, file=/var/www/wordpress/wp-content/uploads/2023/03/brown.sriped.nudibranch-1.jpg 
[2026-08-03 02:46:54 : INFO] - Could not find file for image: ID=293, file=/var/www/wordpress/wp-content/uploads/2023/03/rose.star_-1.jpg 
[2026-08-03 02:46:54 : INFO] - Could not find file for image: ID=292, file=/var/www/wordpress/wp-content/uploads/2023/03/vanessa-1.jpg 
[2026-08-03 02:46:54 : INFO] - Could not find file for image: ID=291, file=/var/www/wordpress/wp-content/uploads/2023/03/clown.or_.something.else_.nudibranch-1.jpg 
[2026-08-03 02:46:54 : INFO] - Could not find file for image: ID=290, file=/var/www/wordpress/wp-content/uploads/2023/03/unknown.creature-1.jpg 
[2026-08-03 02:46:54 : INFO] - Could not find file for image: ID=289, file=/var/www/wordpress/wp-content/uploads/2023/03/DSCI2066-1.jpg 
[2026-08-03 02:46:54 : INFO] - Could not find file for image: ID=288, file=/var/www/wordpress/wp-content/uploads/2023/03/DSCI2056-1.jpg 
[2026-08-03 02:46:54 : INFO] - Could not find file for image: ID=287, file=/var/www/wordpress/wp-content/uploads/2023/03/DSCI2045-1.jpg 
[2026-08-03 02:46:54 : INFO] - Could not find file for image: ID=286, file=/var/www/wordpress/wp-content/uploads/2023/03/DSCI2042-1.jpg 
[2026-08-03 02:46:54 : INFO] - Could not find file for image: ID=284, file=/var/www/wordpress/wp-content/uploads/2023/03/DSCI2035-1.jpg 
[2026-08-03 02:46:54 : INFO] - Could not find file for image: ID=283, file=/var/www/wordpress/wp-content/uploads/2023/03/DSCI2032-1.jpg 
[2026-08-03 02:46:54 : INFO] - Could not find file for image: ID=282, file=/var/www/wordpress/wp-content/uploads/2023/03/DSCI2009-1.jpg 
[2026-08-03 02:46:54 : INFO] - Could not find file for image: ID=281, file=/var/www/wordpress/wp-content/uploads/2023/03/DSCI1971-1.jpg 
[2026-08-03 02:46:54 : INFO] - Could not find file for image: ID=280, file=/var/www/wordpress/wp-content/uploads/2023/03/DSCI1216-2-1.jpg 
[2026-08-03 02:46:54 : INFO] - Could not find file for image: ID=279, file=/var/www/wordpress/wp-content/uploads/2023/03/DSCI1212-2-1.jpg 
[2026-08-03 02:46:54 : INFO] - Could not find file for image: ID=278, file=/var/www/wordpress/wp-content/uploads/2023/03/DSCI1204-1.jpg 
[2026-08-03 02:46:54 : INFO] - Could not find file for image: ID=277, file=/var/www/wordpress/wp-content/uploads/2023/03/DSCI1191-1.jpg 
[2026-08-03 02:46:54 : INFO] - Could not find file for image: ID=276, file=/var/www/wordpress/wp-content/uploads/2023/03/DSCI1186-1.jpg 
[2026-08-03 02:46:54 : INFO] - Could not find file for image: ID=275, file=/var/www/wordpress/wp-content/uploads/2023/03/DSCI1159-1.jpg 
[2026-08-03 02:46:54 : INFO] - Could not find file for image: ID=274, file=/var/www/wordpress/wp-content/uploads/2023/03/kelp.crab_-1.jpg 
[2026-08-03 02:46:54 : INFO] - Could not find file for image: ID=272, file=/var/www/wordpress/wp-content/uploads/2023/03/shimp.watching.a.show_-1.jpg 
[2026-08-03 02:46:54 : INFO] - Could not find file for image: ID=271, file=/var/www/wordpress/wp-content/uploads/2023/03/hermit.crab_-1.jpg 
[2026-08-03 02:46:54 : INFO] - Could not find file for image: ID=270, file=/var/www/wordpress/wp-content/uploads/2023/03/orange.spotted.nudibranch-1.jpg 
[2026-08-03 02:46:54 : INFO] - Could not find file for image: ID=269, file=/var/www/wordpress/wp-content/uploads/2023/03/alabaster.nudibranch.2.jpg 
[2026-08-03 02:46:54 : INFO] - Could not find file for image: ID=268, file=/var/www/wordpress/wp-content/uploads/2023/03/vanessa.mapping.2.jpg 
[2026-08-03 02:46:54 : INFO] - Could not find file for image: ID=267, file=/var/www/wordpress/wp-content/uploads/2023/03/kerri.floating.in_.the_.green_.jpg 
[2026-08-03 02:46:54 : INFO] - Could not find file for image: ID=266, file=/var/www/wordpress/wp-content/uploads/2023/03/brian.jpg 
[2026-08-03 02:46:54 : INFO] - Could not find file for image: ID=265, file=/var/www/wordpress/wp-content/uploads/2023/03/dive.master.brian-class.compass.briefing.jpg 
[2026-08-03 02:46:54 : INFO] - Could not find file for image: ID=264, file=/var/www/wordpress/wp-content/uploads/2023/03/dive.master.brian-class.briefing.jpg 
[2026-08-03 02:46:54 : INFO] - Could not find file for image: ID=263, file=/var/www/wordpress/wp-content/uploads/2023/03/DSCI0850_v2.jpg 
[2026-08-03 02:46:54 : INFO] - Could not find file for image: ID=262, file=/var/www/wordpress/wp-content/uploads/2023/03/DSCI0848.jpg 
[2026-08-03 02:46:54 : INFO] - Could not find file for image: ID=261, file=/var/www/wordpress/wp-content/uploads/2023/03/DSCI0847.jpg 
[2026-08-03 02:46:54 : INFO] - Could not find file for image: ID=260, file=/var/www/wordpress/wp-content/uploads/2023/03/divemaster.brian_.entering.water_.jpg 
[2026-08-03 02:46:54 : INFO] - Could not find file for image: ID=259, file=/var/www/wordpress/wp-content/uploads/2023/03/brian.oconnor-DiveMaster.jpg 
[2026-08-03 02:46:54 : INFO] - Could not find file for image: ID=258, file=/var/www/wordpress/wp-content/uploads/2023/03/DSCI0715_BW.jpg 
[2026-08-03 02:46:54 : INFO] - Could not find file for image: ID=257, file=/var/www/wordpress/wp-content/uploads/2023/03/IMG_3902.jpg 
[2026-08-03 02:46:54 : INFO] - Could not find file for image: ID=256, file=/var/www/wordpress/wp-content/uploads/2023/03/IMG_3897.jpg 
[2026-08-03 02:46:54 : INFO] - Could not find file for image: ID=255, file=/var/www/wordpress/wp-content/uploads/2023/03/IMG_3908-1.jpg 
[2026-08-03 02:46:54 : INFO] - Could not find file for image: ID=254, file=/var/www/wordpress/wp-content/uploads/2023/03/Brian.Chris_.David_.John-at.dive_.shop_.jpg 
[2026-08-03 02:46:54 : INFO] - Could not find file for image: ID=253, file=/var/www/wordpress/wp-content/uploads/2023/03/IMG_3294.jpg 
[2026-08-03 02:46:54 : INFO] - Could not find file for image: ID=109, file=/var/www/wordpress/wp-content/uploads/2023/03/IMG_6052.jpg 
[2026-08-03 02:46:54 : INFO] - Could not find file for image: ID=108, file=/var/www/wordpress/wp-content/uploads/2023/03/IMG_6033.jpg 
[2026-08-03 02:46:54 : INFO] - Could not find file for image: ID=107, file=/var/www/wordpress/wp-content/uploads/2023/03/IMG_2698.jpg 
[2026-08-03 02:46:54 : INFO] - Could not find file for image: ID=106, file=/var/www/wordpress/wp-content/uploads/2023/03/IMG_2694.jpg 
[2026-08-03 02:46:54 : INFO] - Could not find file for image: ID=105, file=/var/www/wordpress/wp-content/uploads/2023/03/IMG_2674.jpg 
[2026-08-03 02:46:54 : INFO] - Could not find file for image: ID=104, file=/var/www/wordpress/wp-content/uploads/2023/03/IMG_2685.jpg 
[2026-08-03 02:46:54 : INFO] - Could not find file for image: ID=103, file=/var/www/wordpress/wp-content/uploads/2023/03/IMG_2683.jpg 
[2026-08-03 02:46:54 : INFO] - Could not find file for image: ID=102, file=/var/www/wordpress/wp-content/uploads/2023/03/IMG_5978-1.jpg 
[2026-08-03 02:46:54 : INFO] - Could not find file for image: ID=101, file=/var/www/wordpress/wp-content/uploads/2023/03/IMG_5953.jpg 
[2026-08-03 02:46:54 : INFO] - Could not find file for image: ID=100, file=/var/www/wordpress/wp-content/uploads/2023/03/IMG_2666.jpg 
[2026-08-03 02:46:54 : INFO] - Could not find file for image: ID=99, file=/var/www/wordpress/wp-content/uploads/2023/03/IMG_2660.jpg 
[2026-08-03 02:46:54 : INFO] - Could not find file for image: ID=98, file=/var/www/wordpress/wp-content/uploads/2023/03/IMG_5948.jpg 
[2026-08-03 02:46:54 : INFO] - Could not find file for image: ID=97, file=/var/www/wordpress/wp-content/uploads/2023/03/IMG_6081.jpg 
[2026-08-03 02:46:54 : INFO] - Could not find file for image: ID=96, file=/var/www/wordpress/wp-content/uploads/2023/03/IMG_5927-1.jpg 
[2026-08-03 02:46:54 : INFO] - Could not find file for image: ID=95, file=/var/www/wordpress/wp-content/uploads/2023/03/IMG_5913-1.jpg 
[2026-08-03 02:46:54 : INFO] - Could not find file for image: ID=94, file=/var/www/wordpress/wp-content/uploads/2023/03/IMG_2689.jpg 
[2026-08-03 02:46:54 : INFO] - Could not find file for image: ID=93, file=/var/www/wordpress/wp-content/uploads/2023/03/IMG_5889-1.jpg 
[2026-08-03 02:46:54 : INFO] - Could not find file for image: ID=92, file=/var/www/wordpress/wp-content/uploads/2023/03/IMG_5860.jpg 
[2026-08-03 02:46:54 : INFO] - Could not find file for image: ID=91, file=/var/www/wordpress/wp-content/uploads/2023/03/IMG_5855.jpg 
[2026-08-03 02:46:54 : INFO] - Could not find file for image: ID=90, file=/var/www/wordpress/wp-content/uploads/2023/03/IMG_2628.jpg 
[2026-08-03 02:46:54 : INFO] - Could not find file for image: ID=89, file=/var/www/wordpress/wp-content/uploads/2023/03/IMG_2623.jpg 
[2026-08-03 02:46:54 : INFO] - Could not find file for image: ID=88, file=/var/www/wordpress/wp-content/uploads/2023/03/IMG_2609.jpg 
[2026-08-03 02:46:54 : INFO] - Could not find file for image: ID=87, file=/var/www/wordpress/wp-content/uploads/2023/03/IMG_2613.jpg 
[2026-08-03 02:46:54 : INFO] - Could not find file for image: ID=86, file=/var/www/wordpress/wp-content/uploads/2023/03/IMG_2601.jpg 
[2026-08-03 02:46:54 : INFO] - Could not find file for image: ID=85, file=/var/www/wordpress/wp-content/uploads/2023/03/IMG_5829.jpg 
[2026-08-03 02:46:54 : INFO] - Could not find file for image: ID=84, file=/var/www/wordpress/wp-content/uploads/2023/03/IMG_5817.jpg 
[2026-08-03 02:46:54 : INFO] - Could not find file for image: ID=83, file=/var/www/wordpress/wp-content/uploads/2023/03/IMG_5816.jpg 
[2026-08-03 02:46:54 : INFO] - Could not find file for image: ID=82, file=/var/www/wordpress/wp-content/uploads/2023/03/IMG_2619.jpg 
[2026-08-03 02:46:54 : INFO] - Could not find file for image: ID=81, file=/var/www/wordpress/wp-content/uploads/2023/03/IMG_2598.jpg 
[2026-08-03 02:46:54 : INFO] - Could not find file for image: ID=80, file=/var/www/wordpress/wp-content/uploads/2023/03/IMG_2596.jpg 
[2026-08-03 02:46:54 : INFO] - Could not find file for image: ID=79, file=/var/www/wordpress/wp-content/uploads/2023/03/IMG_5794.jpg 
[2026-08-03 02:46:54 : INFO] - Could not find file for image: ID=78, file=/var/www/wordpress/wp-content/uploads/2023/03/IMG_5787.jpg 
[2026-08-03 02:46:54 : INFO] - Could not find file for image: ID=77, file=/var/www/wordpress/wp-content/uploads/2023/03/IMG_5736.jpg 
[2026-08-03 02:46:54 : INFO] - Could not find file for image: ID=76, file=/var/www/wordpress/wp-content/uploads/2023/03/IMG_5732.jpg 
[2026-08-03 02:46:54 : INFO] - Could not find file for image: ID=75, file=/var/www/wordpress/wp-content/uploads/2023/03/IMGP1013.jpg 
[2026-08-03 02:46:54 : INFO] - Could not find file for image: ID=74, file=/var/www/wordpress/wp-content/uploads/2023/03/IMG_5723.jpg 
[2026-08-03 02:46:54 : INFO] - Could not find file for image: ID=67, file=/var/www/wordpress/wp-content/uploads/2023/03/DSC_0161.jpg 
[2026-08-03 02:46:54 : INFO] - Could not find file for image: ID=66, file=/var/www/wordpress/wp-content/uploads/2023/03/DSCN0497.jpg 
[2026-08-03 02:46:54 : INFO] - Could not find file for image: ID=65, file=/var/www/wordpress/wp-content/uploads/2023/03/DSC_0121.jpg 
[2026-08-03 02:46:54 : INFO] - Could not find file for image: ID=64, file=/var/www/wordpress/wp-content/uploads/2023/03/1IMGP5321.jpg 
[2026-08-03 02:46:54 : INFO] - Could not find file for image: ID=63, file=/var/www/wordpress/wp-content/uploads/2023/03/1IMGP5308.jpg 
[2026-08-03 02:46:54 : INFO] - Could not find file for image: ID=57, file=/var/www/wordpress/wp-content/uploads/2023/03/brian.entering.EUP_.with_.students.1st.class.since_.DM_.rating-1.jpg 
