[2026-09-14 12:56:20 : INFO] - Cache for URL: https://oconnoradv.com/2020/08/02/crescent-lake/ has been purged, triggered by action: save_post 
[2026-09-14 12:56:20 : INFO] - Cache for blog post has been purged due to updates to post with Title: "Crescent Lake" and URL: https://oconnoradv.com/2020/08/02/crescent-lake/, triggered by action: save_post 
[2026-09-14 12:56:20 : INFO] - Cache for previous post (with URL: https://oconnoradv.com/2018/04/15/philippines/) adjacent to post with id: 514 has been purged, triggered by action: save_post 
[2026-09-14 12:56:20 : INFO] - Cache for next post (with URL: https://oconnoradv.com/2021/10/10/salt-creek/) adjacent to post with id: 514 has been purged, triggered by action: save_post 
[2026-09-14 12:56:20 : INFO] - Cache for all archives page associated with post_type: post and Title: "Crescent Lake" have been purged, triggered by action: save_post 
[2026-09-14 12:56:20 : INFO] - Cache for author page URL: https://oconnoradv.com/author/glasseye/ associated with post_type: post and Title: "Crescent Lake" has been purged, triggered by action: save_post 
[2026-09-14 13:15:41 : INFO] - Cache for URL: https://www.oconnoradv.com/2020/08/02/crescent-lake/ has been purged, triggered by action: save_post 
[2026-09-14 13:15:41 : INFO] - Cache for blog post has been purged due to updates to post with Title: "Crescent Lake" and URL: https://www.oconnoradv.com/2020/08/02/crescent-lake/, triggered by action: save_post 
[2026-09-14 13:15:41 : INFO] - Cache for previous post (with URL: https://www.oconnoradv.com/2018/04/15/philippines/) adjacent to post with id: 514 has been purged, triggered by action: save_post 
[2026-09-14 13:15:41 : INFO] - Cache for next post (with URL: https://www.oconnoradv.com/2021/10/10/salt-creek/) adjacent to post with id: 514 has been purged, triggered by action: save_post 
[2026-09-14 13:15:41 : INFO] - Cache for all archives page associated with post_type: post and Title: "Crescent Lake" have been purged, triggered by action: save_post 
[2026-09-14 13:15:41 : INFO] - Cache for author page URL: https://www.oconnoradv.com/author/glasseye/ associated with post_type: post and Title: "Crescent Lake" has been purged, triggered by action: save_post 
[2026-09-14 20:50:45 : INFO] - Cache for URL: https://www.oconnoradv.com/2025/06/30/ironbutt-rally-25/ has been purged, triggered by action: save_post 
[2026-09-14 20:50:45 : INFO] - Cache for blog post has been purged due to updates to post with Title: "Iron Butt Rally &#8217;25" and URL: https://www.oconnoradv.com/2025/06/30/ironbutt-rally-25/, triggered by action: save_post 
[2026-09-14 20:50:45 : INFO] - Cache for previous post (with URL: https://www.oconnoradv.com/2024/04/24/grand-cayman-2024/) adjacent to post with id: 978 has been purged, triggered by action: save_post 
[2026-09-14 20:50:45 : INFO] - Cache for all archives page associated with post_type: post and Title: "Iron Butt Rally &#8217;25" have been purged, triggered by action: save_post 
[2026-09-14 20:50:45 : INFO] - Cache for author page URL: https://www.oconnoradv.com/author/glasseye/ associated with post_type: post and Title: "Iron Butt Rally &#8217;25" has been purged, triggered by action: save_post 
[2026-09-15 00:24:00 : INFO] - Cache for URL: https://oconnoradv.com/2014/06/14/chief-joseph-rally/ has been purged, triggered by action: save_post 
[2026-09-15 00:24:00 : INFO] - Cache for blog post has been purged due to updates to post with Title: "Fungal in the Jungle" and URL: https://oconnoradv.com/2014/06/14/chief-joseph-rally/, triggered by action: save_post 
[2026-09-15 00:24:01 : INFO] - Cache for previous post (with URL: https://oconnoradv.com/2012/07/06/alaska-tour/) adjacent to post with id: 529 has been purged, triggered by action: save_post 
[2026-09-15 00:24:01 : INFO] - Cache for next post (with URL: https://oconnoradv.com/2015/04/20/18-state-tour/) adjacent to post with id: 529 has been purged, triggered by action: save_post 
[2026-09-15 00:24:01 : INFO] - Cache for all archives page associated with post_type: post and Title: "Fungal in the Jungle" have been purged, triggered by action: save_post 
[2026-09-15 00:24:01 : INFO] - Cache for author page URL: https://oconnoradv.com/author/glasseye/ associated with post_type: post and Title: "Fungal in the Jungle" has been purged, triggered by action: save_post 
[2026-09-15 18:32:11 : INFO] - Full Cache Purge triggered by action: wpo_active_plugin_or_theme_updated 
[2026-09-16 02:15:00 : INFO] - Cache for URL: https://www.oconnoradv.com/2025/06/30/ironbutt-rally-25/ has been purged, triggered by action: save_post 
[2026-09-16 02:15:00 : INFO] - Cache for blog post has been purged due to updates to post with Title: "Iron Butt Rally &#8217;25" and URL: https://www.oconnoradv.com/2025/06/30/ironbutt-rally-25/, triggered by action: save_post 
[2026-09-16 02:15:00 : INFO] - Cache for previous post (with URL: https://www.oconnoradv.com/2024/04/24/grand-cayman-2024/) adjacent to post with id: 978 has been purged, triggered by action: save_post 
[2026-09-16 02:15:00 : INFO] - Cache for all archives page associated with post_type: post and Title: "Iron Butt Rally &#8217;25" have been purged, triggered by action: save_post 
[2026-09-16 02:15:00 : INFO] - Cache for author page URL: https://www.oconnoradv.com/author/glasseye/ associated with post_type: post and Title: "Iron Butt Rally &#8217;25" has been purged, triggered by action: save_post 
[2026-09-16 18:01:26 : INFO] - Cache for URL: https://oconnoradv.com/2025/06/30/ironbutt-rally-25/ has been purged, triggered by action: save_post 
[2026-09-16 18:01:26 : INFO] - Cache for blog post has been purged due to updates to post with Title: "Iron Butt Rally &#8217;25" and URL: https://oconnoradv.com/2025/06/30/ironbutt-rally-25/, triggered by action: save_post 
[2026-09-16 18:01:26 : INFO] - Cache for previous post (with URL: https://oconnoradv.com/2024/04/24/grand-cayman-2024/) adjacent to post with id: 978 has been purged, triggered by action: save_post 
[2026-09-16 18:01:26 : INFO] - Cache for all archives page associated with post_type: post and Title: "Iron Butt Rally &#8217;25" have been purged, triggered by action: save_post 
[2026-09-16 18:01:26 : INFO] - Cache for author page URL: https://oconnoradv.com/author/glasseye/ associated with post_type: post and Title: "Iron Butt Rally &#8217;25" has been purged, triggered by action: save_post 
[2026-09-16 19:21:02 : INFO] - Full Cache Purge triggered by: plugin activation/deactivation 
[2026-09-16 19:23:44 : INFO] - Full Cache Purge triggered by action: wpo_active_plugin_or_theme_updated 
[2026-09-16 19:23:48 : INFO] - Full Cache Purge triggered by action: wpo_active_plugin_or_theme_updated 
[2026-09-16 19:26:56 : INFO] - Full Cache Purge triggered by: plugin activation/deactivation 
[2026-09-16 21:50:41 : INFO] - Full Cache Purge triggered by: plugin activation/deactivation 
[2026-09-16 22:37:23 : INFO] - Cache for URL: https://www.oconnoradv.com/2025/06/30/ironbutt-rally-25/ has been purged, triggered by action: save_post 
[2026-09-16 22:37:23 : INFO] - Cache for blog post has been purged due to updates to post with Title: "Iron Butt Rally &#8217;25" and URL: https://www.oconnoradv.com/2025/06/30/ironbutt-rally-25/, triggered by action: save_post 
[2026-09-16 22:37:23 : INFO] - Cache for previous post (with URL: https://www.oconnoradv.com/2024/04/24/grand-cayman-2024/) adjacent to post with id: 978 has been purged, triggered by action: save_post 
[2026-09-16 22:37:23 : INFO] - Cache for all archives page associated with post_type: post and Title: "Iron Butt Rally &#8217;25" have been purged, triggered by action: save_post 
[2026-09-16 22:37:23 : INFO] - Cache for author page URL: https://www.oconnoradv.com/author/glasseye/ associated with post_type: post and Title: "Iron Butt Rally &#8217;25" has been purged, triggered by action: save_post 
[2026-09-16 22:38:40 : INFO] - Cache for URL: https://www.oconnoradv.com/ssp-form/wpforms-wpforms-form-787/ has been purged, triggered by action: save_post 
[2026-09-16 23:09:18 : INFO] - Cache for URL: https://www.oconnoradv.com/2025/06/30/ironbutt-rally-25/ has been purged, triggered by action: save_post 
[2026-09-16 23:09:18 : INFO] - Cache for blog post has been purged due to updates to post with Title: "Iron Butt Rally &#8217;25" and URL: https://www.oconnoradv.com/2025/06/30/ironbutt-rally-25/, triggered by action: save_post 
[2026-09-16 23:09:18 : INFO] - Cache for previous post (with URL: https://www.oconnoradv.com/2024/04/24/grand-cayman-2024/) adjacent to post with id: 978 has been purged, triggered by action: save_post 
[2026-09-16 23:09:18 : INFO] - Cache for all archives page associated with post_type: post and Title: "Iron Butt Rally &#8217;25" have been purged, triggered by action: save_post 
[2026-09-16 23:09:18 : INFO] - Cache for author page URL: https://www.oconnoradv.com/author/glasseye/ associated with post_type: post and Title: "Iron Butt Rally &#8217;25" has been purged, triggered by action: save_post 
[2026-09-16 23:21:04 : INFO] - Cache for URL: https://www.oconnoradv.com/2021/10/10/salt-creek/ has been purged, triggered by action: save_post 
[2026-09-16 23:21:04 : INFO] - Cache for blog post has been purged due to updates to post with Title: "Salt Creek" and URL: https://www.oconnoradv.com/2021/10/10/salt-creek/, triggered by action: save_post 
[2026-09-16 23:21:04 : INFO] - Cache for previous post (with URL: https://www.oconnoradv.com/2020/08/02/crescent-lake/) adjacent to post with id: 371 has been purged, triggered by action: save_post 
[2026-09-16 23:21:04 : INFO] - Cache for next post (with URL: https://www.oconnoradv.com/2021/12/20/edmonds-underwater-park/) adjacent to post with id: 371 has been purged, triggered by action: save_post 
[2026-09-16 23:21:04 : INFO] - Cache for all archives page associated with post_type: post and Title: "Salt Creek" have been purged, triggered by action: save_post 
[2026-09-16 23:21:04 : INFO] - Cache for author page URL: https://www.oconnoradv.com/author/glasseye/ associated with post_type: post and Title: "Salt Creek" has been purged, triggered by action: save_post 
[2026-09-16 23:41:38 : INFO] - Cache for URL: https://www.oconnoradv.com/2012/07/06/alaska-tour/ has been purged, triggered by action: save_post 
[2026-09-16 23:41:38 : INFO] - Cache for blog post has been purged due to updates to post with Title: "Alaska Tour" and URL: https://www.oconnoradv.com/2012/07/06/alaska-tour/, triggered by action: save_post 
[2026-09-16 23:41:38 : INFO] - Cache for previous post (with URL: https://www.oconnoradv.com/2011/08/01/light-shows/) adjacent to post with id: 124 has been purged, triggered by action: save_post 
[2026-09-16 23:41:38 : INFO] - Cache for next post (with URL: https://www.oconnoradv.com/2014/06/14/chief-joseph-rally/) adjacent to post with id: 124 has been purged, triggered by action: save_post 
[2026-09-16 23:41:38 : INFO] - Cache for all archives page associated with post_type: post and Title: "Alaska Tour" have been purged, triggered by action: save_post 
[2026-09-16 23:41:38 : INFO] - Cache for author page URL: https://www.oconnoradv.com/author/glasseye/ associated with post_type: post and Title: "Alaska Tour" has been purged, triggered by action: save_post 
[2026-09-16 23:59:01 : INFO] - Full Cache Purge triggered by: WPO_Page_Cache::maybe_update_advanced_cache 
[2026-09-17 00:10:03 : INFO] - Full Cache Purge triggered by: WPO_Page_Cache::maybe_update_advanced_cache 
[2026-09-17 00:20:05 : INFO] - Cache for URL: https://oconnoradv.com/2008/06/23/first-bmw-mow-rally/ has been purged, triggered by action: save_post 
[2026-09-17 00:20:05 : INFO] - Cache for blog post has been purged due to updates to post with Title: "First BMW MOW Rally" and URL: https://oconnoradv.com/2008/06/23/first-bmw-mow-rally/, triggered by action: save_post 
[2026-09-17 00:20:05 : INFO] - Cache for next post (with URL: https://oconnoradv.com/2008/07/31/key/) adjacent to post with id: 524 has been purged, triggered by action: save_post 
[2026-09-17 00:20:05 : INFO] - Cache for all archives page associated with post_type: post and Title: "First BMW MOW Rally" have been purged, triggered by action: save_post 
[2026-09-17 00:20:05 : INFO] - Cache for author page URL: https://oconnoradv.com/author/glasseye/ associated with post_type: post and Title: "First BMW MOW Rally" has been purged, triggered by action: save_post 
[2026-09-17 00:50:42 : INFO] - Full Cache Purge triggered by: WPO_Page_Cache::maybe_update_advanced_cache 
[2026-09-17 00:53:13 : INFO] - Full Cache Purge triggered by: WPO_Page_Cache::maybe_update_advanced_cache 
[2026-09-17 00:59:40 : INFO] - Cache for URL: https://wordpress.oconnoradv.com/2012/07/06/alaska-tour/ has been purged, triggered by action: save_post 
[2026-09-17 00:59:40 : INFO] - Cache for blog post has been purged due to updates to post with Title: "Alaska Tour" and URL: https://wordpress.oconnoradv.com/2012/07/06/alaska-tour/, triggered by action: save_post 
[2026-09-17 00:59:40 : INFO] - Cache for previous post (with URL: https://wordpress.oconnoradv.com/2011/08/01/light-shows/) adjacent to post with id: 124 has been purged, triggered by action: save_post 
[2026-09-17 00:59:40 : INFO] - Cache for next post (with URL: https://wordpress.oconnoradv.com/2014/06/14/chief-joseph-rally/) adjacent to post with id: 124 has been purged, triggered by action: save_post 
[2026-09-17 00:59:40 : INFO] - Cache for all archives page associated with post_type: post and Title: "Alaska Tour" have been purged, triggered by action: save_post 
[2026-09-17 00:59:40 : INFO] - Cache for author page URL: https://wordpress.oconnoradv.com/author/glasseye/ associated with post_type: post and Title: "Alaska Tour" has been purged, triggered by action: save_post 
[2026-09-17 01:05:54 : INFO] - Cache for URL: https://wordpress.oconnoradv.com/ssp-form/wpforms-wpforms-form-787/ has been purged, triggered by action: save_post 
[2026-09-17 01:07:35 : INFO] - Cache for URL: https://wordpress.oconnoradv.com/ssp-form/wpforms-wpforms-form-787/ has been purged, triggered by action: save_post 
[2026-09-17 01:16:43 : INFO] - Full Cache Purge triggered by: plugin activation/deactivation 
[2026-09-17 01:16:43 : INFO] - Full Cache Purge triggered by: plugin activation/deactivation 
[2026-09-17 01:19:24 : INFO] - Cache for URL: https://wordpress.oconnoradv.com/2016/07/15/national-parks-tour/ has been purged, triggered by action: save_post 
[2026-09-17 01:19:24 : INFO] - Cache for blog post has been purged due to updates to post with Title: "National Parks Tour" and URL: https://wordpress.oconnoradv.com/2016/07/15/national-parks-tour/, triggered by action: save_post 
[2026-09-17 01:19:24 : INFO] - Cache for previous post (with URL: https://wordpress.oconnoradv.com/2015/04/20/18-state-tour/) adjacent to post with id: 122 has been purged, triggered by action: save_post 
[2026-09-17 01:19:24 : INFO] - Cache for next post (with URL: https://wordpress.oconnoradv.com/2017/04/20/cozumel/) adjacent to post with id: 122 has been purged, triggered by action: save_post 
[2026-09-17 01:19:24 : INFO] - Cache for all archives page associated with post_type: post and Title: "National Parks Tour" have been purged, triggered by action: save_post 
[2026-09-17 01:19:24 : INFO] - Cache for author page URL: https://wordpress.oconnoradv.com/author/glasseye/ associated with post_type: post and Title: "National Parks Tour" has been purged, triggered by action: save_post 
[2026-09-17 01:23:46 : INFO] - Full Cache Purge triggered by action: customize_save_after 
[2026-09-17 01:32:40 : INFO] - Full Cache Purge triggered by: plugin activation/deactivation 
[2026-09-17 01:34:02 : INFO] - Full Cache Purge triggered by action: wp_update_nav_menu 
[2026-09-17 01:34:05 : INFO] - Full Cache Purge triggered by action: wp_update_nav_menu 
[2026-09-17 01:36:11 : INFO] - Full Cache Purge triggered by: plugin activation/deactivation 
[2026-09-17 01:36:24 : INFO] - Cache for URL: https://wordpress.oconnoradv.com/2025/06/30/ironbutt-rally-25/ has been purged, triggered by action: save_post 
[2026-09-17 01:36:24 : INFO] - Cache for blog post has been purged due to updates to post with Title: "Iron Butt Rally &#8217;25" and URL: https://wordpress.oconnoradv.com/2025/06/30/ironbutt-rally-25/, triggered by action: save_post 
[2026-09-17 01:36:24 : INFO] - Cache for previous post (with URL: https://wordpress.oconnoradv.com/2024/04/24/grand-cayman-2024/) adjacent to post with id: 978 has been purged, triggered by action: save_post 
[2026-09-17 01:36:24 : INFO] - Cache for all archives page associated with post_type: post and Title: "Iron Butt Rally &#8217;25" have been purged, triggered by action: save_post 
[2026-09-17 01:36:24 : INFO] - Cache for author page URL: https://wordpress.oconnoradv.com/author/glasseye/ associated with post_type: post and Title: "Iron Butt Rally &#8217;25" has been purged, triggered by action: save_post 
[2026-09-17 01:36:32 : INFO] - Cache for URL: https://wordpress.oconnoradv.com/2008/06/23/first-bmw-mow-rally/ has been purged, triggered by action: save_post 
[2026-09-17 01:36:32 : INFO] - Cache for blog post has been purged due to updates to post with Title: "First BMW MOW Rally" and URL: https://wordpress.oconnoradv.com/2008/06/23/first-bmw-mow-rally/, triggered by action: save_post 
[2026-09-17 01:36:32 : INFO] - Cache for next post (with URL: https://wordpress.oconnoradv.com/2008/07/31/key/) adjacent to post with id: 524 has been purged, triggered by action: save_post 
[2026-09-17 01:36:32 : INFO] - Cache for all archives page associated with post_type: post and Title: "First BMW MOW Rally" have been purged, triggered by action: save_post 
[2026-09-17 01:36:32 : INFO] - Cache for author page URL: https://wordpress.oconnoradv.com/author/glasseye/ associated with post_type: post and Title: "First BMW MOW Rally" has been purged, triggered by action: save_post 
[2026-09-17 01:36:32 : INFO] - Cache for URL: https://wordpress.oconnoradv.com/2016/07/15/national-parks-tour/ has been purged, triggered by action: save_post 
[2026-09-17 01:36:32 : INFO] - Cache for blog post has been purged due to updates to post with Title: "National Parks Tour" and URL: https://wordpress.oconnoradv.com/2016/07/15/national-parks-tour/, triggered by action: save_post 
[2026-09-17 01:36:32 : INFO] - Cache for previous post (with URL: https://wordpress.oconnoradv.com/2015/04/20/18-state-tour/) adjacent to post with id: 122 has been purged, triggered by action: save_post 
[2026-09-17 01:36:32 : INFO] - Cache for next post (with URL: https://wordpress.oconnoradv.com/2017/04/20/cozumel/) adjacent to post with id: 122 has been purged, triggered by action: save_post 
[2026-09-17 01:36:32 : INFO] - Cache for all archives page associated with post_type: post and Title: "National Parks Tour" have been purged, triggered by action: save_post 
[2026-09-17 01:36:32 : INFO] - Cache for author page URL: https://wordpress.oconnoradv.com/author/glasseye/ associated with post_type: post and Title: "National Parks Tour" has been purged, triggered by action: save_post 
[2026-09-17 01:36:58 : INFO] - Cache for URL: https://wordpress.oconnoradv.com/2008/06/23/first-bmw-mow-rally/ has been purged, triggered by action: save_post 
[2026-09-17 01:36:58 : INFO] - Cache for blog post has been purged due to updates to post with Title: "First BMW MOW Rally" and URL: https://wordpress.oconnoradv.com/2008/06/23/first-bmw-mow-rally/, triggered by action: save_post 
[2026-09-17 01:36:58 : INFO] - Cache for next post (with URL: https://wordpress.oconnoradv.com/2008/07/31/key/) adjacent to post with id: 524 has been purged, triggered by action: save_post 
[2026-09-17 01:36:58 : INFO] - Cache for all archives page associated with post_type: post and Title: "First BMW MOW Rally" have been purged, triggered by action: save_post 
[2026-09-17 01:36:58 : INFO] - Cache for author page URL: https://wordpress.oconnoradv.com/author/glasseye/ associated with post_type: post and Title: "First BMW MOW Rally" has been purged, triggered by action: save_post 
[2026-09-17 01:36:58 : INFO] - Cache for URL: https://wordpress.oconnoradv.com/2016/07/15/national-parks-tour/ has been purged, triggered by action: save_post 
[2026-09-17 01:36:58 : INFO] - Cache for blog post has been purged due to updates to post with Title: "National Parks Tour" and URL: https://wordpress.oconnoradv.com/2016/07/15/national-parks-tour/, triggered by action: save_post 
[2026-09-17 01:36:58 : INFO] - Cache for previous post (with URL: https://wordpress.oconnoradv.com/2015/04/20/18-state-tour/) adjacent to post with id: 122 has been purged, triggered by action: save_post 
[2026-09-17 01:36:58 : INFO] - Cache for next post (with URL: https://wordpress.oconnoradv.com/2017/04/20/cozumel/) adjacent to post with id: 122 has been purged, triggered by action: save_post 
[2026-09-17 01:36:58 : INFO] - Cache for all archives page associated with post_type: post and Title: "National Parks Tour" have been purged, triggered by action: save_post 
[2026-09-17 01:36:58 : INFO] - Cache for author page URL: https://wordpress.oconnoradv.com/author/glasseye/ associated with post_type: post and Title: "National Parks Tour" has been purged, triggered by action: save_post 
[2026-09-17 01:37:08 : INFO] - Full Cache Purge triggered by action: customize_save_after 
[2026-09-17 01:38:27 : INFO] - Full Cache Purge triggered by action: update_option_permalink_structure 
[2026-09-17 01:38:59 : INFO] - Full Cache Purge triggered by action: wp_update_nav_menu 
[2026-09-17 01:39:00 : INFO] - Full Cache Purge triggered by action: wp_update_nav_menu 
[2026-09-17 01:48:33 : INFO] - Full Cache Purge triggered by action: update_option_permalink_structure 
[2026-09-17 01:48:39 : INFO] - Full Cache Purge triggered by action: update_option_permalink_structure 
[2026-09-17 01:49:25 : INFO] - Full Cache Purge triggered by: plugin activation/deactivation 
[2026-09-17 01:49:47 : INFO] - Cache for URL: https://wordpress.oconnoradv.com/2021/12/edmonds-underwater-park/ has been purged, triggered by action: save_post 
[2026-09-17 01:49:47 : INFO] - Cache for blog post has been purged due to updates to post with Title: "Edmonds Underwater Park" and URL: https://wordpress.oconnoradv.com/2021/12/edmonds-underwater-park/, triggered by action: save_post 
[2026-09-17 01:49:47 : INFO] - Cache for previous post (with URL: https://wordpress.oconnoradv.com/2021/10/salt-creek/) adjacent to post with id: 442 has been purged, triggered by action: save_post 
[2026-09-17 01:49:47 : INFO] - Cache for next post (with URL: https://wordpress.oconnoradv.com/2022/04/grand-cayman/) adjacent to post with id: 442 has been purged, triggered by action: save_post 
[2026-09-17 01:49:47 : INFO] - Cache for all archives page associated with post_type: post and Title: "Edmonds Underwater Park" have been purged, triggered by action: save_post 
[2026-09-17 01:49:47 : INFO] - Cache for author page URL: https://wordpress.oconnoradv.com/author/glasseye/ associated with post_type: post and Title: "Edmonds Underwater Park" has been purged, triggered by action: save_post 
[2026-09-17 01:50:51 : INFO] - Full Cache Purge triggered by action: customize_save_after 
[2026-09-17 01:58:38 : INFO] - Cache for URL: https://wordpress.oconnoradv.com/2025/06/ironbutt-rally-25/ has been purged, triggered by action: save_post 
[2026-09-17 01:58:38 : INFO] - Cache for blog post has been purged due to updates to post with Title: "Iron Butt Rally &#8217;25" and URL: https://wordpress.oconnoradv.com/2025/06/ironbutt-rally-25/, triggered by action: save_post 
[2026-09-17 01:58:38 : INFO] - Cache for previous post (with URL: https://wordpress.oconnoradv.com/2024/04/grand-cayman-2024/) adjacent to post with id: 978 has been purged, triggered by action: save_post 
[2026-09-17 01:58:38 : INFO] - Cache for all archives page associated with post_type: post and Title: "Iron Butt Rally &#8217;25" have been purged, triggered by action: save_post 
[2026-09-17 01:58:38 : INFO] - Cache for author page URL: https://wordpress.oconnoradv.com/author/glasseye/ associated with post_type: post and Title: "Iron Butt Rally &#8217;25" has been purged, triggered by action: save_post 
[2026-09-17 01:59:37 : INFO] - Cache for URL: https://wordpress.oconnoradv.com/posts/ has been purged, triggered by action: save_post 
[2026-09-17 01:59:37 : INFO] - Cache for author page URL: https://wordpress.oconnoradv.com/author/glasseye/ associated with post_type: page and Title: "Posts" has been purged, triggered by action: save_post 
[2026-09-17 02:04:37 : INFO] - Cache for URL: https://wordpress.oconnoradv.com/2008/06/first-bmw-mow-rally/ has been purged, triggered by action: save_post 
[2026-09-17 02:04:37 : INFO] - Cache for blog post has been purged due to updates to post with Title: "First BMW MOW Rally" and URL: https://wordpress.oconnoradv.com/2008/06/first-bmw-mow-rally/, triggered by action: save_post 
[2026-09-17 02:04:37 : INFO] - Cache for next post (with URL: https://wordpress.oconnoradv.com/2008/07/key/) adjacent to post with id: 524 has been purged, triggered by action: save_post 
[2026-09-17 02:04:37 : INFO] - Cache for all archives page associated with post_type: post and Title: "First BMW MOW Rally" have been purged, triggered by action: save_post 
[2026-09-17 02:04:37 : INFO] - Cache for author page URL: https://wordpress.oconnoradv.com/author/glasseye/ associated with post_type: post and Title: "First BMW MOW Rally" has been purged, triggered by action: save_post 
[2026-09-17 02:04:37 : INFO] - Cache for URL: https://wordpress.oconnoradv.com/2023/07/iron-butt-rally-2023/ has been purged, triggered by action: save_post 
[2026-09-17 02:04:37 : INFO] - Cache for blog post has been purged due to updates to post with Title: "Iron Butt Rally &#8217;23" and URL: https://wordpress.oconnoradv.com/2023/07/iron-butt-rally-2023/, triggered by action: save_post 
[2026-09-17 02:04:37 : INFO] - Cache for previous post (with URL: https://wordpress.oconnoradv.com/2022/04/grand-cayman/) adjacent to post with id: 194 has been purged, triggered by action: save_post 
[2026-09-17 02:04:37 : INFO] - Cache for next post (with URL: https://wordpress.oconnoradv.com/2024/04/grand-cayman-2024/) adjacent to post with id: 194 has been purged, triggered by action: save_post 
[2026-09-17 02:04:37 : INFO] - Cache for all archives page associated with post_type: post and Title: "Iron Butt Rally &#8217;23" have been purged, triggered by action: save_post 
[2026-09-17 02:04:37 : INFO] - Cache for author page URL: https://wordpress.oconnoradv.com/author/glasseye/ associated with post_type: post and Title: "Iron Butt Rally &#8217;23" has been purged, triggered by action: save_post 
[2026-09-17 02:04:37 : INFO] - Cache for URL: https://wordpress.oconnoradv.com/2017/04/cozumel/ has been purged, triggered by action: save_post 
[2026-09-17 02:04:37 : INFO] - Cache for blog post has been purged due to updates to post with Title: "Cozumel" and URL: https://wordpress.oconnoradv.com/2017/04/cozumel/, triggered by action: save_post 
[2026-09-17 02:04:37 : INFO] - Cache for previous post (with URL: https://wordpress.oconnoradv.com/2016/07/national-parks-tour/) adjacent to post with id: 333 has been purged, triggered by action: save_post 
[2026-09-17 02:04:37 : INFO] - Cache for next post (with URL: https://wordpress.oconnoradv.com/2018/04/philippines/) adjacent to post with id: 333 has been purged, triggered by action: save_post 
[2026-09-17 02:04:37 : INFO] - Cache for all archives page associated with post_type: post and Title: "Cozumel" have been purged, triggered by action: save_post 
[2026-09-17 02:04:37 : INFO] - Cache for author page URL: https://wordpress.oconnoradv.com/author/glasseye/ associated with post_type: post and Title: "Cozumel" has been purged, triggered by action: save_post 
[2026-09-17 02:04:42 : INFO] - Cache for URL: https://wordpress.oconnoradv.com/2011/08/light-shows/ has been purged, triggered by action: save_post 
[2026-09-17 02:04:42 : INFO] - Cache for blog post has been purged due to updates to post with Title: "Our Light Shows" and URL: https://wordpress.oconnoradv.com/2011/08/light-shows/, triggered by action: save_post 
[2026-09-17 02:04:42 : INFO] - Cache for previous post (with URL: https://wordpress.oconnoradv.com/2008/07/key/) adjacent to post with id: 232 has been purged, triggered by action: save_post 
[2026-09-17 02:04:42 : INFO] - Cache for next post (with URL: https://wordpress.oconnoradv.com/2012/07/alaska-tour/) adjacent to post with id: 232 has been purged, triggered by action: save_post 
[2026-09-17 02:04:42 : INFO] - Cache for all archives page associated with post_type: post and Title: "Our Light Shows" have been purged, triggered by action: save_post 
[2026-09-17 02:04:42 : INFO] - Cache for author page URL: https://wordpress.oconnoradv.com/author/glasseye/ associated with post_type: post and Title: "Our Light Shows" has been purged, triggered by action: save_post 
[2026-09-17 02:05:37 : INFO] - Cache for URL: https://wordpress.oconnoradv.com/2011/08/light-shows/ has been purged, triggered by action: save_post 
[2026-09-17 02:05:37 : INFO] - Cache for blog post has been purged due to updates to post with Title: "Our Light Shows" and URL: https://wordpress.oconnoradv.com/2011/08/light-shows/, triggered by action: save_post 
[2026-09-17 02:05:37 : INFO] - Cache for previous post (with URL: https://wordpress.oconnoradv.com/2008/07/key/) adjacent to post with id: 232 has been purged, triggered by action: save_post 
[2026-09-17 02:05:37 : INFO] - Cache for next post (with URL: https://wordpress.oconnoradv.com/2012/07/alaska-tour/) adjacent to post with id: 232 has been purged, triggered by action: save_post 
[2026-09-17 02:05:37 : INFO] - Cache for all archives page associated with post_type: post and Title: "Our Light Shows" have been purged, triggered by action: save_post 
[2026-09-17 02:05:37 : INFO] - Cache for author page URL: https://wordpress.oconnoradv.com/author/glasseye/ associated with post_type: post and Title: "Our Light Shows" has been purged, triggered by action: save_post 
[2026-09-17 02:28:05 : INFO] - Cache for multiple term taxonomy have been purged due to post terms update, triggered by action: set_object_terms 
[2026-09-17 02:28:05 : INFO] - Cache for URL: https://wordpress.oconnoradv.com/2026/09/1407/ has been purged, triggered by action: save_post 
[2026-09-17 02:28:05 : INFO] - Cache for blog post has been purged due to updates to post with Title: "" and URL: https://wordpress.oconnoradv.com/2026/09/1407/, triggered by action: save_post 
[2026-09-17 02:28:05 : INFO] - Cache for previous post (with URL: https://wordpress.oconnoradv.com/2025/06/ironbutt-rally-25/) adjacent to post with id: 1407 has been purged, triggered by action: save_post 
[2026-09-17 02:28:05 : INFO] - Cache for all archives page associated with post_type: post and Title: "" have been purged, triggered by action: save_post 
[2026-09-17 02:28:05 : INFO] - Cache for author page URL: https://wordpress.oconnoradv.com/author/glasseye/ associated with post_type: post and Title: "" has been purged, triggered by action: save_post 
[2026-09-17 02:47:37 : INFO] - Cache for URL: https://wordpress.oconnoradv.com/2022/04/grand-cayman/ has been purged, triggered by action: save_post 
[2026-09-17 02:47:37 : INFO] - Cache for blog post has been purged due to updates to post with Title: "Grand Cayman 2021" and URL: https://wordpress.oconnoradv.com/2022/04/grand-cayman/, triggered by action: save_post 
[2026-09-17 02:47:37 : INFO] - Cache for previous post (with URL: https://wordpress.oconnoradv.com/2021/12/edmonds-underwater-park/) adjacent to post with id: 478 has been purged, triggered by action: save_post 
[2026-09-17 02:47:37 : INFO] - Cache for next post (with URL: https://wordpress.oconnoradv.com/2023/07/iron-butt-rally-2023/) adjacent to post with id: 478 has been purged, triggered by action: save_post 
[2026-09-17 02:47:38 : INFO] - Cache for all archives page associated with post_type: post and Title: "Grand Cayman 2021" have been purged, triggered by action: save_post 
[2026-09-17 02:47:38 : INFO] - Cache for author page URL: https://wordpress.oconnoradv.com/author/glasseye/ associated with post_type: post and Title: "Grand Cayman 2021" has been purged, triggered by action: save_post 
[2026-09-17 02:47:38 : INFO] - Cache for URL: https://wordpress.oconnoradv.com/2017/04/cozumel/ has been purged, triggered by action: save_post 
[2026-09-17 02:47:38 : INFO] - Cache for blog post has been purged due to updates to post with Title: "Cozumel" and URL: https://wordpress.oconnoradv.com/2017/04/cozumel/, triggered by action: save_post 
[2026-09-17 02:47:38 : INFO] - Cache for previous post (with URL: https://wordpress.oconnoradv.com/2016/07/national-parks-tour/) adjacent to post with id: 333 has been purged, triggered by action: save_post 
[2026-09-17 02:47:38 : INFO] - Cache for next post (with URL: https://wordpress.oconnoradv.com/2018/04/philippines/) adjacent to post with id: 333 has been purged, triggered by action: save_post 
[2026-09-17 02:47:38 : INFO] - Cache for all archives page associated with post_type: post and Title: "Cozumel" have been purged, triggered by action: save_post 
[2026-09-17 02:47:38 : INFO] - Cache for author page URL: https://wordpress.oconnoradv.com/author/glasseye/ associated with post_type: post and Title: "Cozumel" has been purged, triggered by action: save_post 
[2026-09-17 02:47:38 : INFO] - Cache for URL: https://wordpress.oconnoradv.com/scuba/pnw-dive-sites/ has been purged, triggered by action: save_post 
[2026-09-17 02:47:38 : INFO] - Cache for author page URL: https://wordpress.oconnoradv.com/author/glasseye/ associated with post_type: page and Title: "PNW Dive Site Maps" has been purged, triggered by action: save_post 
[2026-09-17 02:47:38 : INFO] - Cache for URL: https://wordpress.oconnoradv.com/scuba/local-dive-shops/ has been purged, triggered by action: save_post 
[2026-09-17 02:47:38 : INFO] - Cache for author page URL: https://wordpress.oconnoradv.com/author/glasseye/ associated with post_type: page and Title: "Local Dive Shops" has been purged, triggered by action: save_post 
[2026-09-17 02:47:38 : INFO] - Cache for URL: https://wordpress.oconnoradv.com/2014/06/chief-joseph-rally/ has been purged, triggered by action: save_post 
[2026-09-17 02:47:38 : INFO] - Cache for blog post has been purged due to updates to post with Title: "Fungal in the Jungle" and URL: https://wordpress.oconnoradv.com/2014/06/chief-joseph-rally/, triggered by action: save_post 
[2026-09-17 02:47:38 : INFO] - Cache for previous post (with URL: https://wordpress.oconnoradv.com/2012/07/alaska-tour/) adjacent to post with id: 529 has been purged, triggered by action: save_post 
[2026-09-17 02:47:38 : INFO] - Cache for next post (with URL: https://wordpress.oconnoradv.com/2015/04/18-state-tour/) adjacent to post with id: 529 has been purged, triggered by action: save_post 
[2026-09-17 02:47:38 : INFO] - Cache for all archives page associated with post_type: post and Title: "Fungal in the Jungle" have been purged, triggered by action: save_post 
[2026-09-17 02:47:38 : INFO] - Cache for author page URL: https://wordpress.oconnoradv.com/author/glasseye/ associated with post_type: post and Title: "Fungal in the Jungle" has been purged, triggered by action: save_post 
[2026-09-17 02:47:38 : INFO] - Cache for URL: https://wordpress.oconnoradv.com/2026/09/1407/ has been purged, triggered by action: save_post 
[2026-09-17 02:47:38 : INFO] - Cache for blog post has been purged due to updates to post with Title: "" and URL: https://wordpress.oconnoradv.com/2026/09/1407/, triggered by action: save_post 
[2026-09-17 02:47:38 : INFO] - Cache for previous post (with URL: https://wordpress.oconnoradv.com/2025/06/ironbutt-rally-25/) adjacent to post with id: 1407 has been purged, triggered by action: save_post 
[2026-09-17 02:47:38 : INFO] - Cache for all archives page associated with post_type: post and Title: "" have been purged, triggered by action: save_post 
[2026-09-17 02:47:38 : INFO] - Cache for author page URL: https://wordpress.oconnoradv.com/author/glasseye/ associated with post_type: post and Title: "" has been purged, triggered by action: save_post 
[2026-09-17 04:37:07 : INFO] - Cache for URL: https://wordpress.oconnoradv.com/2012/07/alaska-tour/ has been purged, triggered by action: save_post 
[2026-09-17 04:37:07 : INFO] - Cache for blog post has been purged due to updates to post with Title: "Alaska Tour" and URL: https://wordpress.oconnoradv.com/2012/07/alaska-tour/, triggered by action: save_post 
[2026-09-17 04:37:07 : INFO] - Cache for previous post (with URL: https://wordpress.oconnoradv.com/2011/08/light-shows/) adjacent to post with id: 124 has been purged, triggered by action: save_post 
[2026-09-17 04:37:07 : INFO] - Cache for next post (with URL: https://wordpress.oconnoradv.com/2014/06/chief-joseph-rally/) adjacent to post with id: 124 has been purged, triggered by action: save_post 
[2026-09-17 04:37:07 : INFO] - Cache for all archives page associated with post_type: post and Title: "Alaska Tour" have been purged, triggered by action: save_post 
[2026-09-17 04:37:07 : INFO] - Cache for author page URL: https://wordpress.oconnoradv.com/author/glasseye/ associated with post_type: post and Title: "Alaska Tour" has been purged, triggered by action: save_post 
[2026-09-17 04:37:07 : INFO] - Cache for URL: https://wordpress.oconnoradv.com/2014/06/chief-joseph-rally/ has been purged, triggered by action: save_post 
[2026-09-17 04:37:07 : INFO] - Cache for blog post has been purged due to updates to post with Title: "Fungal in the Jungle" and URL: https://wordpress.oconnoradv.com/2014/06/chief-joseph-rally/, triggered by action: save_post 
[2026-09-17 04:37:07 : INFO] - Cache for previous post (with URL: https://wordpress.oconnoradv.com/2012/07/alaska-tour/) adjacent to post with id: 529 has been purged, triggered by action: save_post 
[2026-09-17 04:37:07 : INFO] - Cache for next post (with URL: https://wordpress.oconnoradv.com/2015/04/18-state-tour/) adjacent to post with id: 529 has been purged, triggered by action: save_post 
[2026-09-17 04:37:07 : INFO] - Cache for all archives page associated with post_type: post and Title: "Fungal in the Jungle" have been purged, triggered by action: save_post 
[2026-09-17 04:37:07 : INFO] - Cache for author page URL: https://wordpress.oconnoradv.com/author/glasseye/ associated with post_type: post and Title: "Fungal in the Jungle" has been purged, triggered by action: save_post 
[2026-09-17 04:37:07 : INFO] - Cache for URL: https://wordpress.oconnoradv.com/2026/09/1407/ has been purged, triggered by action: save_post 
[2026-09-17 04:37:07 : INFO] - Cache for blog post has been purged due to updates to post with Title: "" and URL: https://wordpress.oconnoradv.com/2026/09/1407/, triggered by action: save_post 
[2026-09-17 04:37:07 : INFO] - Cache for previous post (with URL: https://wordpress.oconnoradv.com/2025/06/ironbutt-rally-25/) adjacent to post with id: 1407 has been purged, triggered by action: save_post 
[2026-09-17 04:37:07 : INFO] - Cache for all archives page associated with post_type: post and Title: "" have been purged, triggered by action: save_post 
[2026-09-17 04:37:07 : INFO] - Cache for author page URL: https://wordpress.oconnoradv.com/author/glasseye/ associated with post_type: post and Title: "" has been purged, triggered by action: save_post 
[2026-09-17 04:45:56 : INFO] - Cache for multiple term taxonomy have been purged due to post terms update, triggered by action: set_object_terms 
[2026-09-17 04:53:52 : INFO] - Cache for URL: https://wordpress.oconnoradv.com/2015/04/18-state-tour/ has been purged, triggered by action: save_post 
[2026-09-17 04:53:52 : INFO] - Cache for blog post has been purged due to updates to post with Title: "Poorly Planned Tour" and URL: https://wordpress.oconnoradv.com/2015/04/18-state-tour/, triggered by action: save_post 
[2026-09-17 04:53:52 : INFO] - Cache for previous post (with URL: https://wordpress.oconnoradv.com/2014/06/chief-joseph-rally/) adjacent to post with id: 581 has been purged, triggered by action: save_post 
[2026-09-17 04:53:52 : INFO] - Cache for next post (with URL: https://wordpress.oconnoradv.com/2016/07/national-parks-tour/) adjacent to post with id: 581 has been purged, triggered by action: save_post 
[2026-09-17 04:53:52 : INFO] - Cache for all archives page associated with post_type: post and Title: "Poorly Planned Tour" have been purged, triggered by action: save_post 
[2026-09-17 04:53:52 : INFO] - Cache for author page URL: https://wordpress.oconnoradv.com/author/glasseye/ associated with post_type: post and Title: "Poorly Planned Tour" has been purged, triggered by action: save_post 
[2026-09-17 04:53:52 : INFO] - Cache for URL: https://wordpress.oconnoradv.com/2026/09/1407/ has been purged, triggered by action: save_post 
[2026-09-17 04:53:52 : INFO] - Cache for blog post has been purged due to updates to post with Title: "" and URL: https://wordpress.oconnoradv.com/2026/09/1407/, triggered by action: save_post 
[2026-09-17 04:53:52 : INFO] - Cache for previous post (with URL: https://wordpress.oconnoradv.com/2025/06/ironbutt-rally-25/) adjacent to post with id: 1407 has been purged, triggered by action: save_post 
[2026-09-17 04:53:52 : INFO] - Cache for all archives page associated with post_type: post and Title: "" have been purged, triggered by action: save_post 
[2026-09-17 04:53:52 : INFO] - Cache for author page URL: https://wordpress.oconnoradv.com/author/glasseye/ associated with post_type: post and Title: "" has been purged, triggered by action: save_post 
[2026-09-17 04:55:16 : INFO] - Cache for URL: https://wordpress.oconnoradv.com/2026/09/1407/ has been purged, triggered by action: save_post 
[2026-09-17 04:55:16 : INFO] - Cache for blog post has been purged due to updates to post with Title: "" and URL: https://wordpress.oconnoradv.com/2026/09/1407/, triggered by action: save_post 
[2026-09-17 04:55:16 : INFO] - Cache for previous post (with URL: https://wordpress.oconnoradv.com/2025/06/ironbutt-rally-25/) adjacent to post with id: 1407 has been purged, triggered by action: save_post 
[2026-09-17 04:55:16 : INFO] - Cache for all archives page associated with post_type: post and Title: "" have been purged, triggered by action: save_post 
[2026-09-17 04:55:16 : INFO] - Cache for author page URL: https://wordpress.oconnoradv.com/author/glasseye/ associated with post_type: post and Title: "" has been purged, triggered by action: save_post 
[2026-09-17 05:15:52 : INFO] - Cache for multiple term taxonomy have been purged due to post terms update, triggered by action: set_object_terms 
[2026-09-17 05:17:41 : INFO] - Cache for URL: https://wordpress.oconnoradv.com/2012/07/alaska-tour/ has been purged, triggered by action: save_post 
[2026-09-17 05:17:41 : INFO] - Cache for blog post has been purged due to updates to post with Title: "Alaska Tour" and URL: https://wordpress.oconnoradv.com/2012/07/alaska-tour/, triggered by action: save_post 
[2026-09-17 05:17:41 : INFO] - Cache for previous post (with URL: https://wordpress.oconnoradv.com/2011/08/light-shows/) adjacent to post with id: 124 has been purged, triggered by action: save_post 
[2026-09-17 05:17:41 : INFO] - Cache for next post (with URL: https://wordpress.oconnoradv.com/2014/06/chief-joseph-rally/) adjacent to post with id: 124 has been purged, triggered by action: save_post 
[2026-09-17 05:17:41 : INFO] - Cache for all archives page associated with post_type: post and Title: "Alaska Tour" have been purged, triggered by action: save_post 
[2026-09-17 05:17:41 : INFO] - Cache for author page URL: https://wordpress.oconnoradv.com/author/glasseye/ associated with post_type: post and Title: "Alaska Tour" has been purged, triggered by action: save_post 
[2026-09-17 05:17:41 : INFO] - Cache for URL: https://wordpress.oconnoradv.com/2008/06/first-bmw-mow-rally/ has been purged, triggered by action: save_post 
[2026-09-17 05:17:41 : INFO] - Cache for blog post has been purged due to updates to post with Title: "First BMW MOW Rally" and URL: https://wordpress.oconnoradv.com/2008/06/first-bmw-mow-rally/, triggered by action: save_post 
[2026-09-17 05:17:41 : INFO] - Cache for next post (with URL: https://wordpress.oconnoradv.com/2011/08/light-shows/) adjacent to post with id: 524 has been purged, triggered by action: save_post 
[2026-09-17 05:17:41 : INFO] - Cache for all archives page associated with post_type: post and Title: "First BMW MOW Rally" have been purged, triggered by action: save_post 
[2026-09-17 05:17:41 : INFO] - Cache for author page URL: https://wordpress.oconnoradv.com/author/glasseye/ associated with post_type: post and Title: "First BMW MOW Rally" has been purged, triggered by action: save_post 
[2026-09-17 05:17:51 : INFO] - Cache for multiple term taxonomy have been purged due to post terms update, triggered by action: set_object_terms 
[2026-09-17 05:17:51 : INFO] - Cache for multiple term taxonomy have been purged due to post terms update, triggered by action: set_object_terms 
[2026-09-17 05:17:51 : INFO] - Cache for URL: https://wordpress.oconnoradv.com/2023/07/iron-butt-rally-2023/ has been purged, triggered by action: save_post 
[2026-09-17 05:17:51 : INFO] - Cache for blog post has been purged due to updates to post with Title: "Iron Butt Rally &#8217;23" and URL: https://wordpress.oconnoradv.com/2023/07/iron-butt-rally-2023/, triggered by action: save_post 
[2026-09-17 05:17:51 : INFO] - Cache for previous post (with URL: https://wordpress.oconnoradv.com/2022/04/grand-cayman/) adjacent to post with id: 194 has been purged, triggered by action: save_post 
[2026-09-17 05:17:51 : INFO] - Cache for next post (with URL: https://wordpress.oconnoradv.com/2024/04/grand-cayman-2024/) adjacent to post with id: 194 has been purged, triggered by action: save_post 
[2026-09-17 05:17:51 : INFO] - Cache for all archives page associated with post_type: post and Title: "Iron Butt Rally &#8217;23" have been purged, triggered by action: save_post 
[2026-09-17 05:17:51 : INFO] - Cache for author page URL: https://wordpress.oconnoradv.com/author/glasseye/ associated with post_type: post and Title: "Iron Butt Rally &#8217;23" has been purged, triggered by action: save_post 
[2026-09-17 15:26:58 : INFO] - Cache for URL: https://oconnoradv.com/2023/07/iron-butt-rally-2023/ has been purged, triggered by action: save_post 
[2026-09-17 15:26:59 : INFO] - Cache for blog post has been purged due to updates to post with Title: "Iron Butt Rally &#8217;23" and URL: https://oconnoradv.com/2023/07/iron-butt-rally-2023/, triggered by action: save_post 
[2026-09-17 15:26:59 : INFO] - Cache for previous post (with URL: https://oconnoradv.com/2022/04/grand-cayman/) adjacent to post with id: 194 has been purged, triggered by action: save_post 
[2026-09-17 15:26:59 : INFO] - Cache for next post (with URL: https://oconnoradv.com/2024/04/grand-cayman-2024/) adjacent to post with id: 194 has been purged, triggered by action: save_post 
[2026-09-17 15:26:59 : INFO] - Cache for all archives page associated with post_type: post and Title: "Iron Butt Rally &#8217;23" have been purged, triggered by action: save_post 
[2026-09-17 15:26:59 : INFO] - Cache for author page URL: https://oconnoradv.com/author/glasseye/ associated with post_type: post and Title: "Iron Butt Rally &#8217;23" has been purged, triggered by action: save_post 
[2026-09-17 15:26:59 : INFO] - Cache for URL: https://oconnoradv.com/2025/06/ironbutt-rally-25/ has been purged, triggered by action: save_post 
[2026-09-17 15:26:59 : INFO] - Cache for blog post has been purged due to updates to post with Title: "Iron Butt Rally &#8217;25" and URL: https://oconnoradv.com/2025/06/ironbutt-rally-25/, triggered by action: save_post 
[2026-09-17 15:26:59 : INFO] - Cache for previous post (with URL: https://oconnoradv.com/2024/04/grand-cayman-2024/) adjacent to post with id: 978 has been purged, triggered by action: save_post 
[2026-09-17 15:26:59 : INFO] - Cache for next post (with URL: https://oconnoradv.com/2026/09/1407/) adjacent to post with id: 978 has been purged, triggered by action: save_post 
[2026-09-17 15:26:59 : INFO] - Cache for all archives page associated with post_type: post and Title: "Iron Butt Rally &#8217;25" have been purged, triggered by action: save_post 
[2026-09-17 15:26:59 : INFO] - Cache for author page URL: https://oconnoradv.com/author/glasseye/ associated with post_type: post and Title: "Iron Butt Rally &#8217;25" has been purged, triggered by action: save_post 
[2026-09-17 15:26:59 : INFO] - Cache for URL: https://oconnoradv.com/scuba/local-dive-shops/ has been purged, triggered by action: save_post 
[2026-09-17 15:26:59 : INFO] - Cache for author page URL: https://oconnoradv.com/author/glasseye/ associated with post_type: page and Title: "Local Dive Shops" has been purged, triggered by action: save_post 
[2026-09-17 15:49:40 : INFO] - Cache for URL: https://wordpress.oconnoradv.com/2026/09/1407/ has been purged, triggered by action: save_post 
[2026-09-17 15:49:40 : INFO] - Cache for blog post has been purged due to updates to post with Title: "" and URL: https://wordpress.oconnoradv.com/2026/09/1407/, triggered by action: save_post 
[2026-09-17 15:49:40 : INFO] - Cache for previous post (with URL: https://wordpress.oconnoradv.com/2025/06/ironbutt-rally-25/) adjacent to post with id: 1407 has been purged, triggered by action: save_post 
[2026-09-17 15:49:40 : INFO] - Cache for all archives page associated with post_type: post and Title: "" have been purged, triggered by action: save_post 
[2026-09-17 15:49:40 : INFO] - Cache for author page URL: https://wordpress.oconnoradv.com/author/glasseye/ associated with post_type: post and Title: "" has been purged, triggered by action: save_post 
[2026-09-17 19:28:02 : INFO] - Full Cache Purge triggered by action: update_option_permalink_structure 
[2026-09-17 19:28:54 : INFO] - Full Cache Purge triggered by action: wpo_active_plugin_or_theme_updated 
[2026-09-18 04:12:50 : INFO] - Cache for URL: https://wordpress.oconnoradv.com/2025/06/30/ironbutt-rally-25/ has been purged, triggered by action: save_post 
[2026-09-18 04:12:50 : INFO] - Cache for blog post has been purged due to updates to post with Title: "Iron Butt Rally &#8217;25" and URL: https://wordpress.oconnoradv.com/2025/06/30/ironbutt-rally-25/, triggered by action: save_post 
[2026-09-18 04:12:50 : INFO] - Cache for previous post (with URL: https://wordpress.oconnoradv.com/2024/04/24/grand-cayman-2024/) adjacent to post with id: 978 has been purged, triggered by action: save_post 
[2026-09-18 04:12:50 : INFO] - Cache for all archives page associated with post_type: post and Title: "Iron Butt Rally &#8217;25" have been purged, triggered by action: save_post 
[2026-09-18 04:12:50 : INFO] - Cache for author page URL: https://wordpress.oconnoradv.com/author/glasseye/ associated with post_type: post and Title: "Iron Butt Rally &#8217;25" has been purged, triggered by action: save_post 
[2026-09-18 04:15:55 : INFO] - Full Cache Purge triggered by action: wpo_active_plugin_or_theme_updated 
[2026-09-18 04:22:52 : INFO] - Full Cache Purge triggered by: plugin activation/deactivation 
[2026-09-18 04:24:54 : INFO] - Full Cache Purge triggered by: plugin activation/deactivation 
[2026-09-18 04:31:56 : INFO] - Full Cache Purge triggered by: plugin activation/deactivation 
[2026-09-18 04:50:19 : INFO] - Full Cache Purge triggered by action: update_option_permalink_structure 
[2026-09-18 14:21:52 : INFO] - Cache for URL: https://wordpress.oconnoradv.com/ironbutt-rally-25/ has been purged, triggered by action: save_post 
[2026-09-18 14:21:52 : INFO] - Cache for blog post has been purged due to updates to post with Title: "Iron Butt Rally &#8217;25" and URL: https://wordpress.oconnoradv.com/ironbutt-rally-25/, triggered by action: save_post 
[2026-09-18 14:21:52 : INFO] - Cache for previous post (with URL: https://wordpress.oconnoradv.com/grand-cayman-2024/) adjacent to post with id: 978 has been purged, triggered by action: save_post 
[2026-09-18 14:21:52 : INFO] - Cache for all archives page associated with post_type: post and Title: "Iron Butt Rally &#8217;25" have been purged, triggered by action: save_post 
[2026-09-18 14:21:52 : INFO] - Cache for author page URL: https://wordpress.oconnoradv.com/author/glasseye/ associated with post_type: post and Title: "Iron Butt Rally &#8217;25" has been purged, triggered by action: save_post 
[2026-09-18 15:27:33 : INFO] - Cache for URL: https://oconnoradv.com/ironbutt-rally-25/ has been purged, triggered by action: save_post 
[2026-09-18 15:27:33 : INFO] - Cache for blog post has been purged due to updates to post with Title: "Iron Butt Rally &#8217;25" and URL: https://oconnoradv.com/ironbutt-rally-25/, triggered by action: save_post 
[2026-09-18 15:27:33 : INFO] - Cache for previous post (with URL: https://oconnoradv.com/grand-cayman-2024/) adjacent to post with id: 978 has been purged, triggered by action: save_post 
[2026-09-18 15:27:33 : INFO] - Cache for all archives page associated with post_type: post and Title: "Iron Butt Rally &#8217;25" have been purged, triggered by action: save_post 
[2026-09-18 15:27:33 : INFO] - Cache for author page URL: https://oconnoradv.com/author/glasseye/ associated with post_type: post and Title: "Iron Butt Rally &#8217;25" has been purged, triggered by action: save_post 
[2026-09-18 16:07:51 : INFO] - Cache for URL: https://wordpress.oconnoradv.com/first-bmw-mow-rally/ has been purged, triggered by action: save_post 
[2026-09-18 16:07:51 : INFO] - Cache for blog post has been purged due to updates to post with Title: "First BMW MOW Rally" and URL: https://wordpress.oconnoradv.com/first-bmw-mow-rally/, triggered by action: save_post 
[2026-09-18 16:07:51 : INFO] - Cache for next post (with URL: https://wordpress.oconnoradv.com/key/) adjacent to post with id: 524 has been purged, triggered by action: save_post 
[2026-09-18 16:07:51 : INFO] - Cache for all archives page associated with post_type: post and Title: "First BMW MOW Rally" have been purged, triggered by action: save_post 
[2026-09-18 16:07:51 : INFO] - Cache for author page URL: https://wordpress.oconnoradv.com/author/glasseye/ associated with post_type: post and Title: "First BMW MOW Rally" has been purged, triggered by action: save_post 
[2026-09-18 16:21:08 : INFO] - Cache for URL: https://oconnoradv.com/scuba/pnw-dive-sites/ has been purged, triggered by action: save_post 
[2026-09-18 16:21:08 : INFO] - Cache for author page URL: https://oconnoradv.com/author/glasseye/ associated with post_type: page and Title: "PNW Dive Site Maps" has been purged, triggered by action: save_post 
[2026-09-18 16:39:46 : INFO] - Full Cache Purge triggered by: plugin activation/deactivation 
[2026-09-18 16:39:59 : INFO] - Full Cache Purge triggered by: plugin activation/deactivation 
[2026-09-18 16:40:08 : INFO] - Full Cache Purge triggered by: plugin activation/deactivation 
[2026-09-18 16:40:29 : INFO] - Full Cache Purge triggered by: plugin activation/deactivation 
[2026-09-18 16:47:49 : INFO] - Full Cache Purge triggered by: plugin activation/deactivation 
[2026-09-18 16:48:00 : INFO] - Full Cache Purge triggered by: plugin activation/deactivation 
[2026-09-18 16:52:40 : INFO] - Full Cache Purge triggered by: plugin activation/deactivation 
[2026-09-18 16:53:05 : INFO] - Full Cache Purge triggered by: plugin activation/deactivation 
[2026-09-18 17:02:26 : INFO] - Cache for URL: https://oconnoradv.com/crescent-lake/ has been purged, triggered by action: save_post 
[2026-09-18 17:02:26 : INFO] - Cache for blog post has been purged due to updates to post with Title: "Crescent Lake" and URL: https://oconnoradv.com/crescent-lake/, triggered by action: save_post 
[2026-09-18 17:02:26 : INFO] - Cache for previous post (with URL: https://oconnoradv.com/philippines/) adjacent to post with id: 514 has been purged, triggered by action: save_post 
[2026-09-18 17:02:26 : INFO] - Cache for next post (with URL: https://oconnoradv.com/salt-creek/) adjacent to post with id: 514 has been purged, triggered by action: save_post 
[2026-09-18 17:02:26 : INFO] - Cache for all archives page associated with post_type: post and Title: "Crescent Lake" have been purged, triggered by action: save_post 
[2026-09-18 17:02:26 : INFO] - Cache for author page URL: https://oconnoradv.com/author/glasseye/ associated with post_type: post and Title: "Crescent Lake" has been purged, triggered by action: save_post 
[2026-09-18 17:02:26 : INFO] - Pruning the Cache log file 
[2026-09-18 17:28:03 : INFO] - Full Cache Purge triggered by: plugin activation/deactivation 
[2026-09-18 17:28:42 : INFO] - Full Cache Purge triggered by: plugin activation/deactivation 
[2026-09-18 18:06:30 : INFO] - Full Cache Purge triggered by: plugin activation/deactivation 
[2026-09-18 18:10:13 : INFO] - Full Cache Purge triggered by: plugin activation/deactivation 
[2026-09-18 18:17:03 : INFO] - Cache for URL: http://wordpress.lan/ironbutt-rally-25/ has been purged, triggered by action: save_post 
[2026-09-18 18:17:03 : INFO] - Cache for blog post has been purged due to updates to post with Title: "Iron Butt Rally &#8217;25" and URL: http://wordpress.lan/ironbutt-rally-25/, triggered by action: save_post 
[2026-09-18 18:17:03 : INFO] - Cache for previous post (with URL: http://wordpress.lan/grand-cayman-2024/) adjacent to post with id: 978 has been purged, triggered by action: save_post 
[2026-09-18 18:17:03 : INFO] - Cache for all archives page associated with post_type: post and Title: "Iron Butt Rally &#8217;25" have been purged, triggered by action: save_post 
[2026-09-18 18:17:03 : INFO] - Cache for author page URL: http://wordpress.lan/author/glasseye/ associated with post_type: post and Title: "Iron Butt Rally &#8217;25" has been purged, triggered by action: save_post 
[2026-09-18 18:42:49 : INFO] - Cache for URL: http://wordpress.lan/ssp-form/wpforms-wpforms-form-787/ has been purged, triggered by action: save_post 
[2026-09-18 19:31:47 : INFO] - Cache for URL: http://wordpress.lan/ironbutt-rally-25/ has been purged, triggered by action: save_post 
[2026-09-18 19:31:47 : INFO] - Cache for blog post has been purged due to updates to post with Title: "Iron Butt Rally &#8217;25" and URL: http://wordpress.lan/ironbutt-rally-25/, triggered by action: save_post 
[2026-09-18 19:31:47 : INFO] - Cache for previous post (with URL: http://wordpress.lan/grand-cayman-2024/) adjacent to post with id: 978 has been purged, triggered by action: save_post 
[2026-09-18 19:31:47 : INFO] - Cache for all archives page associated with post_type: post and Title: "Iron Butt Rally &#8217;25" have been purged, triggered by action: save_post 
[2026-09-18 19:31:47 : INFO] - Cache for author page URL: http://wordpress.lan/author/glasseye/ associated with post_type: post and Title: "Iron Butt Rally &#8217;25" has been purged, triggered by action: save_post 
[2026-09-18 21:51:51 : INFO] - Cache for URL: http://wordpress.lan/ironbutt-rally-25/ has been purged, triggered by action: save_post 
[2026-09-18 21:51:51 : INFO] - Cache for blog post has been purged due to updates to post with Title: "Iron Butt Rally &#8217;25" and URL: http://wordpress.lan/ironbutt-rally-25/, triggered by action: save_post 
[2026-09-18 21:51:51 : INFO] - Cache for previous post (with URL: http://wordpress.lan/grand-cayman-2024/) adjacent to post with id: 978 has been purged, triggered by action: save_post 
[2026-09-18 21:51:51 : INFO] - Cache for all archives page associated with post_type: post and Title: "Iron Butt Rally &#8217;25" have been purged, triggered by action: save_post 
[2026-09-18 21:51:51 : INFO] - Cache for author page URL: http://wordpress.lan/author/glasseye/ associated with post_type: post and Title: "Iron Butt Rally &#8217;25" has been purged, triggered by action: save_post 
[2026-09-18 21:53:52 : INFO] - Cache for URL: http://wordpress.lan/crescent-lake/ has been purged, triggered by action: save_post 
[2026-09-18 21:53:52 : INFO] - Cache for blog post has been purged due to updates to post with Title: "Crescent Lake" and URL: http://wordpress.lan/crescent-lake/, triggered by action: save_post 
[2026-09-18 21:53:52 : INFO] - Cache for previous post (with URL: http://wordpress.lan/philippines/) adjacent to post with id: 514 has been purged, triggered by action: save_post 
[2026-09-18 21:53:52 : INFO] - Cache for next post (with URL: http://wordpress.lan/salt-creek/) adjacent to post with id: 514 has been purged, triggered by action: save_post 
[2026-09-18 21:53:52 : INFO] - Cache for all archives page associated with post_type: post and Title: "Crescent Lake" have been purged, triggered by action: save_post 
[2026-09-18 21:53:52 : INFO] - Cache for author page URL: http://wordpress.lan/author/glasseye/ associated with post_type: post and Title: "Crescent Lake" has been purged, triggered by action: save_post 
[2026-09-18 23:02:47 : INFO] - Full Cache Purge triggered by: WPO_Page_Cache::maybe_update_advanced_cache 
