[2025-05-28 22:39:18 : INFO] - Pruning the Cache log file 
[2025-06-10 19:27:40 : INFO] - Cache for URL: https://www.oconnoradv.com/?p=993 has been purged, triggered by action: save_post 
[2025-06-10 19:27:40 : INFO] - Cache for blog post has been purged due to updates to post with Title: "Auto Draft" and URL: https://www.oconnoradv.com/?p=993, triggered by action: save_post 
[2025-06-10 19:27:40 : INFO] - Cache for previous post (with URL: https://www.oconnoradv.com/2025/01/01/ironbutt-rally-25/) adjacent to post with id: 993 has been purged, triggered by action: save_post 
[2025-06-10 19:27:40 : INFO] - Cache for all archives page associated with post_type: post and Title: "Auto Draft" have been purged, triggered by action: save_post 
[2025-06-10 19:28:06 : INFO] - Full Cache Purge triggered by action: wpo_active_plugin_or_theme_updated 
[2025-06-10 19:28:47 : INFO] - Full Cache Purge triggered by action: wpo_active_plugin_or_theme_updated 
[2025-06-10 19:28:52 : INFO] - Full Cache Purge triggered by action: wpo_active_plugin_or_theme_updated 
[2025-06-10 19:28:59 : INFO] - Full Cache Purge triggered by action: wpo_active_plugin_or_theme_updated 
[2025-06-14 22:40:21 : INFO] - Cache for multiple term taxonomy have been purged due to post terms update, triggered by action: set_object_terms 
[2025-06-14 22:40:22 : INFO] - Cache for URL: https://www.oconnoradv.com/2025/01/01/ironbutt-rally-25/ has been purged, triggered by action: save_post 
[2025-06-14 22:40:22 : INFO] - Cache for blog post has been purged due to updates to post with Title: "Iron Butt Rally &#8217;25" and URL: https://www.oconnoradv.com/2025/01/01/ironbutt-rally-25/, triggered by action: save_post 
[2025-06-14 22:40:22 : INFO] - Cache for previous post (with URL: https://www.oconnoradv.com/2024/04/24/grand-cayman-2024/) adjacent to post with id: 978 has been purged, triggered by action: save_post 
[2025-06-14 22:40:22 : INFO] - Cache for all archives page associated with post_type: post and Title: "Iron Butt Rally &#8217;25" have been purged, triggered by action: save_post 
[2025-06-14 22:43:38 : INFO] - Cache for multiple term taxonomy have been purged due to post terms update, triggered by action: set_object_terms 
[2025-06-14 22:43:38 : INFO] - Cache for URL: https://www.oconnoradv.com/2025/01/01/ironbutt-rally-25/ has been purged, triggered by action: save_post 
[2025-06-14 22:43:38 : INFO] - Cache for blog post has been purged due to updates to post with Title: "Iron Butt Rally &#8217;25" and URL: https://www.oconnoradv.com/2025/01/01/ironbutt-rally-25/, triggered by action: save_post 
[2025-06-14 22:43:38 : INFO] - Cache for previous post (with URL: https://www.oconnoradv.com/2024/04/24/grand-cayman-2024/) adjacent to post with id: 978 has been purged, triggered by action: save_post 
[2025-06-14 22:43:38 : INFO] - Cache for all archives page associated with post_type: post and Title: "Iron Butt Rally &#8217;25" have been purged, triggered by action: save_post 
[2025-06-14 22:46:00 : INFO] - Cache for multiple term taxonomy have been purged due to post terms update, triggered by action: set_object_terms 
[2025-06-14 22:46:00 : INFO] - Cache for URL: https://www.oconnoradv.com/2025/01/01/ironbutt-rally-25/ has been purged, triggered by action: save_post 
[2025-06-14 22:46:00 : INFO] - Cache for blog post has been purged due to updates to post with Title: "Iron Butt Rally &#8217;25" and URL: https://www.oconnoradv.com/2025/01/01/ironbutt-rally-25/, triggered by action: save_post 
[2025-06-14 22:46:00 : INFO] - Cache for previous post (with URL: https://www.oconnoradv.com/2024/04/24/grand-cayman-2024/) adjacent to post with id: 978 has been purged, triggered by action: save_post 
[2025-06-14 22:46:00 : INFO] - Cache for all archives page associated with post_type: post and Title: "Iron Butt Rally &#8217;25" have been purged, triggered by action: save_post 
[2025-06-14 22:46:59 : INFO] - Cache for multiple term taxonomy have been purged due to post terms update, triggered by action: set_object_terms 
[2025-06-14 22:46:59 : INFO] - Cache for URL: https://www.oconnoradv.com/2025/01/01/ironbutt-rally-25/ has been purged, triggered by action: save_post 
[2025-06-14 22:46:59 : INFO] - Cache for blog post has been purged due to updates to post with Title: "Iron Butt Rally &#8217;25" and URL: https://www.oconnoradv.com/2025/01/01/ironbutt-rally-25/, triggered by action: save_post 
[2025-06-14 22:46:59 : INFO] - Cache for previous post (with URL: https://www.oconnoradv.com/2024/04/24/grand-cayman-2024/) adjacent to post with id: 978 has been purged, triggered by action: save_post 
[2025-06-14 22:46:59 : INFO] - Cache for all archives page associated with post_type: post and Title: "Iron Butt Rally &#8217;25" have been purged, triggered by action: save_post 
[2025-06-14 22:47:53 : INFO] - Cache for multiple term taxonomy have been purged due to post terms update, triggered by action: set_object_terms 
[2025-06-14 22:47:53 : INFO] - Cache for URL: https://www.oconnoradv.com/2025/01/01/ironbutt-rally-25/ has been purged, triggered by action: save_post 
[2025-06-14 22:47:53 : INFO] - Cache for blog post has been purged due to updates to post with Title: "Iron Butt Rally &#8217;25" and URL: https://www.oconnoradv.com/2025/01/01/ironbutt-rally-25/, triggered by action: save_post 
[2025-06-14 22:47:53 : INFO] - Cache for previous post (with URL: https://www.oconnoradv.com/2024/04/24/grand-cayman-2024/) adjacent to post with id: 978 has been purged, triggered by action: save_post 
[2025-06-14 22:47:53 : INFO] - Cache for all archives page associated with post_type: post and Title: "Iron Butt Rally &#8217;25" have been purged, triggered by action: save_post 
[2025-06-14 22:52:38 : INFO] - Cache for multiple term taxonomy have been purged due to post terms update, triggered by action: set_object_terms 
[2025-06-14 22:52:38 : INFO] - Cache for URL: https://www.oconnoradv.com/2025/01/01/ironbutt-rally-25/ has been purged, triggered by action: save_post 
[2025-06-14 22:52:38 : INFO] - Cache for blog post has been purged due to updates to post with Title: "Iron Butt Rally &#8217;25" and URL: https://www.oconnoradv.com/2025/01/01/ironbutt-rally-25/, triggered by action: save_post 
[2025-06-14 22:52:38 : INFO] - Cache for previous post (with URL: https://www.oconnoradv.com/2024/04/24/grand-cayman-2024/) adjacent to post with id: 978 has been purged, triggered by action: save_post 
[2025-06-14 22:52:38 : INFO] - Cache for all archives page associated with post_type: post and Title: "Iron Butt Rally &#8217;25" have been purged, triggered by action: save_post 
[2025-06-14 22:53:58 : INFO] - Cache for multiple term taxonomy have been purged due to post terms update, triggered by action: set_object_terms 
[2025-06-14 22:53:58 : INFO] - Cache for URL: https://www.oconnoradv.com/2025/01/01/ironbutt-rally-25/ has been purged, triggered by action: save_post 
[2025-06-14 22:53:58 : INFO] - Cache for blog post has been purged due to updates to post with Title: "Iron Butt Rally &#8217;25" and URL: https://www.oconnoradv.com/2025/01/01/ironbutt-rally-25/, triggered by action: save_post 
[2025-06-14 22:53:58 : INFO] - Cache for previous post (with URL: https://www.oconnoradv.com/2024/04/24/grand-cayman-2024/) adjacent to post with id: 978 has been purged, triggered by action: save_post 
[2025-06-14 22:53:58 : INFO] - Cache for all archives page associated with post_type: post and Title: "Iron Butt Rally &#8217;25" have been purged, triggered by action: save_post 
[2025-06-14 22:56:28 : INFO] - Cache for multiple term taxonomy have been purged due to post terms update, triggered by action: set_object_terms 
[2025-06-14 22:56:29 : INFO] - Cache for URL: https://www.oconnoradv.com/2025/01/01/ironbutt-rally-25/ has been purged, triggered by action: save_post 
[2025-06-14 22:56:29 : INFO] - Cache for blog post has been purged due to updates to post with Title: "Iron Butt Rally &#8217;25" and URL: https://www.oconnoradv.com/2025/01/01/ironbutt-rally-25/, triggered by action: save_post 
[2025-06-14 22:56:29 : INFO] - Cache for previous post (with URL: https://www.oconnoradv.com/2024/04/24/grand-cayman-2024/) adjacent to post with id: 978 has been purged, triggered by action: save_post 
[2025-06-14 22:56:29 : INFO] - Cache for all archives page associated with post_type: post and Title: "Iron Butt Rally &#8217;25" have been purged, triggered by action: save_post 
[2025-06-14 22:59:41 : INFO] - Cache for multiple term taxonomy have been purged due to post terms update, triggered by action: set_object_terms 
[2025-06-14 22:59:41 : INFO] - Cache for URL: https://www.oconnoradv.com/2025/01/01/ironbutt-rally-25/ has been purged, triggered by action: save_post 
[2025-06-14 22:59:41 : INFO] - Cache for blog post has been purged due to updates to post with Title: "Iron Butt Rally &#8217;25" and URL: https://www.oconnoradv.com/2025/01/01/ironbutt-rally-25/, triggered by action: save_post 
[2025-06-14 22:59:41 : INFO] - Cache for previous post (with URL: https://www.oconnoradv.com/2024/04/24/grand-cayman-2024/) adjacent to post with id: 978 has been purged, triggered by action: save_post 
[2025-06-14 22:59:41 : INFO] - Cache for all archives page associated with post_type: post and Title: "Iron Butt Rally &#8217;25" have been purged, triggered by action: save_post 
[2025-06-14 23:01:33 : INFO] - Cache for multiple term taxonomy have been purged due to post terms update, triggered by action: set_object_terms 
[2025-06-14 23:01:33 : INFO] - Cache for URL: https://www.oconnoradv.com/2025/01/01/ironbutt-rally-25/ has been purged, triggered by action: save_post 
[2025-06-14 23:01:33 : INFO] - Cache for blog post has been purged due to updates to post with Title: "Iron Butt Rally &#8217;25" and URL: https://www.oconnoradv.com/2025/01/01/ironbutt-rally-25/, triggered by action: save_post 
[2025-06-14 23:01:33 : INFO] - Cache for previous post (with URL: https://www.oconnoradv.com/2024/04/24/grand-cayman-2024/) adjacent to post with id: 978 has been purged, triggered by action: save_post 
[2025-06-14 23:01:33 : INFO] - Cache for all archives page associated with post_type: post and Title: "Iron Butt Rally &#8217;25" have been purged, triggered by action: save_post 
[2025-06-14 23:03:44 : INFO] - Cache for multiple term taxonomy have been purged due to post terms update, triggered by action: set_object_terms 
[2025-06-14 23:03:44 : INFO] - Cache for URL: https://www.oconnoradv.com/2025/01/01/ironbutt-rally-25/ has been purged, triggered by action: save_post 
[2025-06-14 23:03:44 : INFO] - Cache for blog post has been purged due to updates to post with Title: "Iron Butt Rally &#8217;25" and URL: https://www.oconnoradv.com/2025/01/01/ironbutt-rally-25/, triggered by action: save_post 
[2025-06-14 23:03:44 : INFO] - Cache for previous post (with URL: https://www.oconnoradv.com/2024/04/24/grand-cayman-2024/) adjacent to post with id: 978 has been purged, triggered by action: save_post 
[2025-06-14 23:03:44 : INFO] - Cache for all archives page associated with post_type: post and Title: "Iron Butt Rally &#8217;25" have been purged, triggered by action: save_post 
[2025-06-14 23:04:54 : INFO] - Cache for multiple term taxonomy have been purged due to post terms update, triggered by action: set_object_terms 
[2025-06-14 23:04:54 : INFO] - Cache for URL: https://www.oconnoradv.com/2025/01/01/ironbutt-rally-25/ has been purged, triggered by action: save_post 
[2025-06-14 23:04:54 : INFO] - Cache for blog post has been purged due to updates to post with Title: "Iron Butt Rally &#8217;25" and URL: https://www.oconnoradv.com/2025/01/01/ironbutt-rally-25/, triggered by action: save_post 
[2025-06-14 23:04:54 : INFO] - Cache for previous post (with URL: https://www.oconnoradv.com/2024/04/24/grand-cayman-2024/) adjacent to post with id: 978 has been purged, triggered by action: save_post 
[2025-06-14 23:04:54 : INFO] - Cache for all archives page associated with post_type: post and Title: "Iron Butt Rally &#8217;25" have been purged, triggered by action: save_post 
[2025-06-14 23:21:16 : INFO] - Cache for multiple term taxonomy have been purged due to post terms update, triggered by action: set_object_terms 
[2025-06-14 23:21:16 : INFO] - Cache for URL: https://www.oconnoradv.com/2025/01/01/ironbutt-rally-25/ has been purged, triggered by action: save_post 
[2025-06-14 23:21:16 : INFO] - Cache for blog post has been purged due to updates to post with Title: "Iron Butt Rally &#8217;25" and URL: https://www.oconnoradv.com/2025/01/01/ironbutt-rally-25/, triggered by action: save_post 
[2025-06-14 23:21:16 : INFO] - Cache for previous post (with URL: https://www.oconnoradv.com/2024/04/24/grand-cayman-2024/) adjacent to post with id: 978 has been purged, triggered by action: save_post 
[2025-06-14 23:21:16 : INFO] - Cache for all archives page associated with post_type: post and Title: "Iron Butt Rally &#8217;25" have been purged, triggered by action: save_post 
[2025-06-15 23:34:18 : INFO] - Cache for multiple term taxonomy have been purged due to post terms update, triggered by action: set_object_terms 
[2025-06-15 23:34:18 : INFO] - Cache for URL: https://www.oconnoradv.com/2025/01/01/ironbutt-rally-25/ has been purged, triggered by action: save_post 
[2025-06-15 23:34:18 : INFO] - Cache for blog post has been purged due to updates to post with Title: "Iron Butt Rally &#8217;25" and URL: https://www.oconnoradv.com/2025/01/01/ironbutt-rally-25/, triggered by action: save_post 
[2025-06-15 23:34:18 : INFO] - Cache for previous post (with URL: https://www.oconnoradv.com/2024/04/24/grand-cayman-2024/) adjacent to post with id: 978 has been purged, triggered by action: save_post 
[2025-06-15 23:34:18 : INFO] - Cache for all archives page associated with post_type: post and Title: "Iron Butt Rally &#8217;25" have been purged, triggered by action: save_post 
[2025-06-15 23:37:33 : INFO] - Cache for multiple term taxonomy have been purged due to post terms update, triggered by action: set_object_terms 
[2025-06-15 23:37:33 : INFO] - Cache for URL: https://www.oconnoradv.com/2025/01/01/ironbutt-rally-25/ has been purged, triggered by action: save_post 
[2025-06-15 23:37:33 : INFO] - Cache for blog post has been purged due to updates to post with Title: "Iron Butt Rally &#8217;25" and URL: https://www.oconnoradv.com/2025/01/01/ironbutt-rally-25/, triggered by action: save_post 
[2025-06-15 23:37:33 : INFO] - Cache for previous post (with URL: https://www.oconnoradv.com/2024/04/24/grand-cayman-2024/) adjacent to post with id: 978 has been purged, triggered by action: save_post 
[2025-06-15 23:37:33 : INFO] - Cache for all archives page associated with post_type: post and Title: "Iron Butt Rally &#8217;25" have been purged, triggered by action: save_post 
[2025-07-22 21:16:47 : INFO] - Full Cache Purge triggered by action: wpo_active_plugin_or_theme_updated 
[2025-07-22 21:16:56 : INFO] - Full Cache Purge triggered by action: wpo_active_plugin_or_theme_updated 
[2025-07-22 21:17:02 : INFO] - Full Cache Purge triggered by action: wpo_active_plugin_or_theme_updated 
[2025-07-22 21:17:06 : INFO] - Full Cache Purge triggered by action: wpo_active_plugin_or_theme_updated 
[2025-07-22 21:17:22 : INFO] - Full Cache Purge triggered by action: wpo_active_plugin_or_theme_updated 
[2025-07-22 21:17:31 : INFO] - Full Cache Purge triggered by action: wpo_active_plugin_or_theme_updated 
